Component: ARM Compiler 5.06 update 7 (build 960) Tool: armlink [4d3601]

==============================================================================

Section Cross References

    startup.o(STACK) refers (Special) to heapauxi.o(.text) for __use_two_region_memory
    startup.o(HEAP) refers (Special) to heapauxi.o(.text) for __use_two_region_memory
    startup.o(RESET) refers (Special) to heapauxi.o(.text) for __use_two_region_memory
    startup.o(RESET) refers to startup.o(STACK) for StackMem
    startup.o(RESET) refers to lab10.o(i.SysTick_Handler) for SysTick_Handler
    startup.o(RESET) refers to timer0.o(i.Timer0A_Handler) for Timer0A_Handler
    startup.o(RESET) refers to sound.o(i.Timer1A_Handler) for Timer1A_Handler
    startup.o(RESET) refers to lab10.o(i.GPIOPortF_Handler) for GPIOPortF_Handler
    startup.o(RESET) refers to texas.o(i.Timer5A_Handler) for Timer5A_Handler
    startup.o(RESET) refers to __main.o(!!!main) for __main
    startup.o(.text) refers (Special) to heapauxi.o(.text) for __use_two_region_memory
    startup.o(.text) refers to startup.o(HEAP) for HeapMem
    startup.o(.text) refers to startup.o(STACK) for StackMem
    random.o(.text) refers to random.o(DATA) for M
    lab10.o(i.CheckForCollisions) refers to lab10.o(.bss) for Enemy
    lab10.o(i.CheckForCollisions) refers to lab10.o(.data) for score
    lab10.o(i.Draw) refers to ssd1306.o(i.SSD1306_ClearBuffer) for SSD1306_ClearBuffer
    lab10.o(i.Draw) refers to ssd1306.o(i.SSD1306_DrawBMP) for SSD1306_DrawBMP
    lab10.o(i.Draw) refers to ssd1306.o(i.SSD1306_OutBuffer) for SSD1306_OutBuffer
    lab10.o(i.Draw) refers to lab10.o(.bss) for Enemy
    lab10.o(i.Draw) refers to lab10.o(.data) for player
    lab10.o(i.FireMissile) refers to lab10.o(.bss) for Missile
    lab10.o(i.FireMissile) refers to lab10.o(.data) for player
    lab10.o(i.Move) refers to adc.o(i.ADC_In) for ADC_In
    lab10.o(i.Move) refers to lab10.o(.bss) for Enemy
    lab10.o(i.Move) refers to lab10.o(.data) for NeedToDraw
    lab10.o(i.Pause) refers to lab10.o(.data) for continuousPress
    lab10.o(i.SpawnEnemies) refers to random.o(.text) for Random32
    lab10.o(i.SpawnEnemies) refers to lab10.o(.bss) for Enemy
    lab10.o(i.SysTick_Handler) refers to lab10.o(i.FireMissile) for FireMissile
    lab10.o(i.SysTick_Handler) refers to sound.o(i.Sound_Start) for Sound_Start
    lab10.o(i.SysTick_Handler) refers to random.o(.text) for Random
    lab10.o(i.SysTick_Handler) refers to lab10.o(i.SpawnEnemies) for SpawnEnemies
    lab10.o(i.SysTick_Handler) refers to lab10.o(i.Move) for Move
    lab10.o(i.SysTick_Handler) refers to lab10.o(i.CheckForCollisions) for CheckForCollisions
    lab10.o(i.SysTick_Handler) refers to lab10.o(.data) for last
    lab10.o(i.main) refers to startup.o(.text) for DisableInterrupts
    lab10.o(i.main) refers to lab10.o(i.PortF_Init) for PortF_Init
    lab10.o(i.main) refers to dac.o(i.DAC_Init) for DAC_Init
    lab10.o(i.main) refers to sound.o(i.Sound_Init) for Sound_Init
    lab10.o(i.main) refers to adc.o(i.ADC_Init) for ADC_Init
    lab10.o(i.main) refers to texas.o(i.TExaS_Init) for TExaS_Init
    lab10.o(i.main) refers to ssd1306.o(i.SSD1306_Init) for SSD1306_Init
    lab10.o(i.main) refers to ssd1306.o(i.SSD1306_OutClear) for SSD1306_OutClear
    lab10.o(i.main) refers to random.o(.text) for Random_Init
    lab10.o(i.main) refers to lab10.o(i.SysTick_Init) for SysTick_Init
    lab10.o(i.main) refers to ssd1306.o(i.SSD1306_DrawBMP) for SSD1306_DrawBMP
    lab10.o(i.main) refers to ssd1306.o(i.SSD1306_OutBuffer) for SSD1306_OutBuffer
    lab10.o(i.main) refers to ssd1306.o(i.SSD1306_ClearBuffer) for SSD1306_ClearBuffer
    lab10.o(i.main) refers to ssd1306.o(i.SSD1306_SetCursor) for SSD1306_SetCursor
    lab10.o(i.main) refers to ssd1306.o(i.SSD1306_OutString) for SSD1306_OutString
    lab10.o(i.main) refers to timer0.o(i.Timer0_Init) for Timer0_Init
    lab10.o(i.main) refers to lab10.o(i.Draw) for Draw
    lab10.o(i.main) refers to print.o(.text) for LCD_OutDec
    lab10.o(i.main) refers to lab10.o(i.LogicAnalyzerTask) for LogicAnalyzerTask
    lab10.o(i.main) refers to lab10.o(.bss) for Enemy
    lab10.o(i.main) refers to lab10.o(.constdata) for Invader
    lab10.o(i.main) refers to lab10.o(.data) for language
    lab10.o(i.mainstarter) refers to startup.o(.text) for DisableInterrupts
    lab10.o(i.mainstarter) refers to texas.o(i.TExaS_Init) for TExaS_Init
    lab10.o(i.mainstarter) refers to ssd1306.o(i.SSD1306_Init) for SSD1306_Init
    lab10.o(i.mainstarter) refers to ssd1306.o(i.SSD1306_OutClear) for SSD1306_OutClear
    lab10.o(i.mainstarter) refers to random.o(.text) for Random_Init
    lab10.o(i.mainstarter) refers to lab10.o(i.Profile_Init) for Profile_Init
    lab10.o(i.mainstarter) refers to ssd1306.o(i.SSD1306_ClearBuffer) for SSD1306_ClearBuffer
    lab10.o(i.mainstarter) refers to ssd1306.o(i.SSD1306_DrawBMP) for SSD1306_DrawBMP
[...]
    timer0.o(i.Timer0A_Handler) refers to timer0.o(.data) for PeriodicTask0
    timer0.o(i.Timer0_Init) refers to timer0.o(.data) for PeriodicTask0
    sound.o(i.Sound_Init) refers to dac.o(i.DAC_Init) for DAC_Init
    sound.o(i.Sound_Init) refers to timer1.o(i.Timer1_Init) for Timer1_Init
    sound.o(i.Sound_Start) refers to sound.o(.data) for TimerCount
    sound.o(i.Timer1A_Handler) refers to dac.o(i.DAC_Out) for DAC_Out
    sound.o(i.Timer1A_Handler) refers to sound.o(.constdata) for shoot
    sound.o(i.Timer1A_Handler) refers to sound.o(.data) for TimerCount
    print.o(.text) refers (Special) to ssd1306.o(i.SSD1306_OutString) for SSD1306_OutString
    print.o(.text) refers to ssd1306.o(i.SSD1306_OutChar) for SSD1306_OutChar
    ssd1306.o(i.SSD1306_ClearBuffer) refers to ssd1306.o(i.SSD1306_SetCursor) for SSD1306_SetCursor
    ssd1306.o(i.SSD1306_ClearBuffer) refers to ssd1306.o(.bss) for buffer
    ssd1306.o(i.SSD1306_Dim) refers to ssd1306.o(i.ssd1306command1) for ssd1306command1
    ssd1306.o(i.SSD1306_Dim) refers to ssd1306.o(.data) for vccstate
    ssd1306.o(i.SSD1306_DrawBMP) refers to ssd1306.o(.bss) for buffer
    ssd1306.o(i.SSD1306_DrawChar) refers to ssd1306.o(i.SSD1306_DrawPixel) for SSD1306_DrawPixel
    ssd1306.o(i.SSD1306_DrawChar) refers to ssd1306.o(.constdata) for ASCII
    ssd1306.o(i.SSD1306_DrawFastHLine) refers to ssd1306.o(i.ssd1306drawFastVLineInternal) for ssd1306drawFastVLineInternal
    ssd1306.o(i.SSD1306_DrawFastHLine) refers to ssd1306.o(i.ssd1306drawFastHLineInternal) for ssd1306drawFastHLineInternal
    ssd1306.o(i.SSD1306_DrawFastHLine) refers to ssd1306.o(.data) for rotation
    ssd1306.o(i.SSD1306_DrawFastVLine) refers to ssd1306.o(i.ssd1306drawFastHLineInternal) for ssd1306drawFastHLineInternal
    ssd1306.o(i.SSD1306_DrawFastVLine) refers to ssd1306.o(i.ssd1306drawFastVLineInternal) for ssd1306drawFastVLineInternal
    ssd1306.o(i.SSD1306_DrawFastVLine) refers to ssd1306.o(.data) for rotation
    ssd1306.o(i.SSD1306_DrawFullImage) refers to ssd1306.o(i.ssd1306commandList) for ssd1306commandList
    ssd1306.o(i.SSD1306_DrawFullImage) refers to ssd1306.o(i.ssd1306command1) for ssd1306command1
    ssd1306.o(i.SSD1306_DrawFullImage) refers to i2c3.o(i.I2C3_SendData) for I2C3_SendData
    ssd1306.o(i.SSD1306_DrawFullImage) refers to ssd1306.o(i.SSD1306_SetCursor) for SSD1306_SetCursor
    ssd1306.o(i.SSD1306_DrawFullImage) refers to ssd1306.o(.constdata) for dlist1
    ssd1306.o(i.SSD1306_DrawPixel) refers to ssd1306.o(.data) for rotation
    ssd1306.o(i.SSD1306_DrawPixel) refers to ssd1306.o(.bss) for buffer
    ssd1306.o(i.SSD1306_DrawPoint) refers to ssd1306.o(i.SSD1306_DrawPixel) for SSD1306_DrawPixel
    ssd1306.o(i.SSD1306_DrawPoint) refers to ssd1306.o(.data) for MinX
    ssd1306.o(i.SSD1306_DrawString) refers to ssd1306.o(i.SSD1306_DrawChar) for SSD1306_DrawChar
    ssd1306.o(i.SSD1306_GetBuffer) refers to ssd1306.o(.bss) for buffer
    ssd1306.o(i.SSD1306_GetPixel) refers to ssd1306.o(.data) for rotation
    ssd1306.o(i.SSD1306_GetPixel) refers to ssd1306.o(.bss) for buffer
    ssd1306.o(i.SSD1306_Init) refers to cortexm.o(i.Clock_Delay1ms) for Clock_Delay1ms
    ssd1306.o(i.SSD1306_Init) refers to i2c3.o(i.I2C3_Init) for I2C3_Init
    ssd1306.o(i.SSD1306_Init) refers to ssd1306.o(i.SSD1306_ClearBuffer) for SSD1306_ClearBuffer
    ssd1306.o(i.SSD1306_Init) refers to ssd1306.o(i.ssd1306commandList) for ssd1306commandList
    ssd1306.o(i.SSD1306_Init) refers to ssd1306.o(i.ssd1306command1) for ssd1306command1
    ssd1306.o(i.SSD1306_Init) refers to ssd1306.o(i.SSD1306_OutBuffer) for SSD1306_OutBuffer
    ssd1306.o(i.SSD1306_Init) refers to ssd1306.o(i.SSD1306_SetCursor) for SSD1306_SetCursor
    ssd1306.o(i.SSD1306_Init) refers to ssd1306.o(.data) for vccstate
    ssd1306.o(i.SSD1306_Init) refers to ssd1306.o(.constdata) for init1
    ssd1306.o(i.SSD1306_InvertDisplay) refers to ssd1306.o(i.ssd1306command1) for ssd1306command1
    ssd1306.o(i.SSD1306_OutBuffer) refers to ssd1306.o(i.ssd1306commandList) for ssd1306commandList
    ssd1306.o(i.SSD1306_OutBuffer) refers to ssd1306.o(i.ssd1306command1) for ssd1306command1
    ssd1306.o(i.SSD1306_OutBuffer) refers to i2c3.o(i.I2C3_SendData) for I2C3_SendData
    ssd1306.o(i.SSD1306_OutBuffer) refers to ssd1306.o(.constdata) for dlist1
    ssd1306.o(i.SSD1306_OutBuffer) refers to ssd1306.o(.bss) for buffer
    ssd1306.o(i.SSD1306_OutChar) refers to ssd1306.o(i.ssd1306command) for ssd1306command
    ssd1306.o(i.SSD1306_OutChar) refers to i2c3.o(i.I2C3_SendData) for I2C3_SendData
    ssd1306.o(i.SSD1306_OutChar) refers to ssd1306.o(.data) for CurrentX
    ssd1306.o(i.SSD1306_OutChar) refers to ssd1306.o(.constdata) for ASCII
    ssd1306.o(i.SSD1306_OutClear) refers to ssd1306.o(i.SSD1306_ClearBuffer) for SSD1306_ClearBuffer
    ssd1306.o(i.SSD1306_OutClear) refers to ssd1306.o(i.SSD1306_OutBuffer) for SSD1306_OutBuffer
    ssd1306.o(i.SSD1306_OutHex7) refers to ssd1306.o(i.SSD1306_OutChar) for SSD1306_OutChar
    ssd1306.o(i.SSD1306_OutSDec) refers to ssd1306.o(i.SSD1306_OutString) for SSD1306_OutString
    ssd1306.o(i.SSD1306_OutSDec) refers to ssd1306.o(i.SSD1306_OutChar) for SSD1306_OutChar
    ssd1306.o(i.SSD1306_OutSFix1) refers to ssd1306.o(i.SSD1306_OutString) for SSD1306_OutString
    ssd1306.o(i.SSD1306_OutString) refers to ssd1306.o(i.SSD1306_OutChar) for SSD1306_OutChar
    ssd1306.o(i.SSD1306_OutUDec) refers to ssd1306.o(i.SSD1306_OutString) for SSD1306_OutString
    ssd1306.o(i.SSD1306_OutUDec) refers to ssd1306.o(i.SSD1306_OutChar) for SSD1306_OutChar
    ssd1306.o(i.SSD1306_OutUDec16) refers to ssd1306.o(i.SSD1306_OutChar) for SSD1306_OutChar
    ssd1306.o(i.SSD1306_OutUDec2) refers to ssd1306.o(i.SSD1306_OutChar) for SSD1306_OutChar
    ssd1306.o(i.SSD1306_OutUFix1) refers to ssd1306.o(i.SSD1306_OutString) for SSD1306_OutString
    ssd1306.o(i.SSD1306_OutUHex7) refers to ssd1306.o(i.SSD1306_OutString) for SSD1306_OutString
    ssd1306.o(i.SSD1306_OutUHex7) refers to ssd1306.o(i.SSD1306_OutHex7) for SSD1306_OutHex7
    ssd1306.o(i.SSD1306_SetCursor) refers to ssd1306.o(i.ssd1306command) for ssd1306command
    ssd1306.o(i.SSD1306_SetCursor) refers to ssd1306.o(.data) for CurrentX
    ssd1306.o(i.SSD1306_SetPlot) refers to ssd1306.o(.data) for MaxX
    ssd1306.o(i.SSD1306_startscrolldiagleft) refers to ssd1306.o(i.ssd1306commandList) for ssd1306commandList
    ssd1306.o(i.SSD1306_startscrolldiagleft) refers to ssd1306.o(i.ssd1306command1) for ssd1306command1
    ssd1306.o(i.SSD1306_startscrolldiagleft) refers to ssd1306.o(.constdata) for scrollList4a
    ssd1306.o(i.SSD1306_startscrolldiagright) refers to ssd1306.o(i.ssd1306commandList) for ssd1306commandList
    ssd1306.o(i.SSD1306_startscrolldiagright) refers to ssd1306.o(i.ssd1306command1) for ssd1306command1
    ssd1306.o(i.SSD1306_startscrolldiagright) refers to ssd1306.o(.constdata) for scrollList3a
    ssd1306.o(i.SSD1306_startscrollleft) refers to ssd1306.o(i.ssd1306commandList) for ssd1306commandList
    ssd1306.o(i.SSD1306_startscrollleft) refers to ssd1306.o(i.ssd1306command1) for ssd1306command1
    ssd1306.o(i.SSD1306_startscrollleft) refers to ssd1306.o(.constdata) for scrollList2a
    ssd1306.o(i.SSD1306_startscrollright) refers to ssd1306.o(i.ssd1306commandList) for ssd1306commandList
    ssd1306.o(i.SSD1306_startscrollright) refers to ssd1306.o(i.ssd1306command1) for ssd1306command1
    ssd1306.o(i.SSD1306_startscrollright) refers to ssd1306.o(.constdata) for scrollList1a
    ssd1306.o(i.SSD1306_stopscroll) refers to ssd1306.o(i.ssd1306command1) for ssd1306command1
    ssd1306.o(i.fputc) refers to ssd1306.o(i.SSD1306_OutChar) for SSD1306_OutChar
    ssd1306.o(i.ssd1306command) refers to i2c3.o(i.I2C3_Send2) for I2C3_Send2
    ssd1306.o(i.ssd1306command1) refers to i2c3.o(i.I2C3_Send2) for I2C3_Send2
    ssd1306.o(i.ssd1306commandList) refers to i2c3.o(i.I2C3_Send) for I2C3_Send
    ssd1306.o(i.ssd1306drawFastHLineInternal) refers to ssd1306.o(.bss) for buffer
    ssd1306.o(i.ssd1306drawFastVLineInternal) refers to ssd1306.o(.bss) for buffer
    ssd1306.o(i.ssd1306drawFastVLineInternal) refers to ssd1306.o(.constdata) for premask
    texas.o(i.TExaS_Init) refers to texas.o(i.PLL_Init) for PLL_Init
    texas.o(i.TExaS_Init) refers to texas.o(i.ADC1_Init) for ADC1_Init
    texas.o(i.TExaS_Init) refers to texas.o(i.UART0_Init) for UART0_Init
    texas.o(i.TExaS_Init) refers to texas.o(.data) for sendDataPt
    texas.o(i.Timer5A_Handler) refers to texas.o(.data) for sendDataPt
    __main.o(!!!main) refers to __rtentry.o(.ARM.Collect$$rtentry$$00000000) for __rt_entry
    __rtentry.o(.ARM.Collect$$rtentry$$00000000) refers (Special) to __rtentry2.o(.ARM.Collect$$rtentry$$0000000A) for __rt_entry_li
    __rtentry.o(.ARM.Collect$$rtentry$$00000000) refers (Special) to __rtentry2.o(.ARM.Collect$$rtentry$$0000000D) for __rt_entry_main
    __rtentry.o(.ARM.Collect$$rtentry$$00000000) refers (Special) to __rtentry2.o(.ARM.Collect$$rtentry$$0000000C) for __rt_entry_postli_1
    __rtentry.o(.ARM.Collect$$rtentry$$00000000) refers (Special) to __rtentry2.o(.ARM.Collect$$rtentry$$00000009) for __rt_entry_postsh_1
    __rtentry.o(.ARM.Collect$$rtentry$$00000000) refers (Special) to __rtentry2.o(.ARM.Collect$$rtentry$$00000002) for __rt_entry_presh_1
    __rtentry.o(.ARM.Collect$$rtentry$$00000000) refers (Special) to __rtentry4.o(.ARM.Collect$$rtentry$$00000004) for __rt_entry_sh
    __rtentry2.o(.ARM.Collect$$rtentry$$00000008) refers to boardinit2.o(.text) for _platform_post_stackheap_init
    __rtentry2.o(.ARM.Collect$$rtentry$$0000000A) refers to libinit.o(.ARM.Collect$$libinit$$00000000) for __rt_lib_init
    __rtentry2.o(.ARM.Collect$$rtentry$$0000000B) refers to boardinit3.o(.text) for _platform_post_lib_init
    __rtentry2.o(.ARM.Collect$$rtentry$$0000000D) refers to lab10.o(i.main) for main
    __rtentry2.o(.ARM.Collect$$rtentry$$0000000D) refers to exit.o(.text) for exit
    __rtentry2.o(.ARM.exidx) refers to __rtentry2.o(.ARM.Collect$$rtentry$$00000001) for .ARM.Collect$$rtentry$$00000001
    __rtentry2.o(.ARM.exidx) refers to __rtentry2.o(.ARM.Collect$$rtentry$$00000008) for .ARM.Collect$$rtentry$$00000008
    __rtentry2.o(.ARM.exidx) refers to __rtentry2.o(.ARM.Collect$$rtentry$$0000000A) for .ARM.Collect$$rtentry$$0000000A
    __rtentry2.o(.ARM.exidx) refers to __rtentry2.o(.ARM.Collect$$rtentry$$0000000B) for .ARM.Collect$$rtentry$$0000000B
    __rtentry2.o(.ARM.exidx) refers to __rtentry2.o(.ARM.Collect$$rtentry$$0000000D) for .ARM.Collect$$rtentry$$0000000D
    __rtentry4.o(.ARM.Collect$$rtentry$$00000004) refers to sys_stackheap_outer.o(.text) for __user_setup_stackheap
    __rtentry4.o(.ARM.exidx) refers to __rtentry4.o(.ARM.Collect$$rtentry$$00000004) for .ARM.Collect$$rtentry$$00000004
    sys_stackheap_outer.o(.text) refers to libspace.o(.text) for __user_perproc_libspace
    sys_stackheap_outer.o(.text) refers to startup.o(.text) for __user_initial_stackheap
    exit.o(.text) refers to rtexit.o(.ARM.Collect$$rtexit$$00000000) for __rt_exit
    libinit.o(.ARM.Collect$$libinit$$00000000) refers (Special) to libinit2.o(.ARM.Collect$$libinit$$0000002E) for __rt_lib_init_alloca_1
    libinit.o(.ARM.Collect$$libinit$$00000000) refers (Special) to libinit2.o(.ARM.Collect$$libinit$$0000002C) for __rt_lib_init_argv_1
    libinit.o(.ARM.Collect$$libinit$$00000000) refers (Special) to libinit2.o(.ARM.Collect$$libinit$$0000001B) for __rt_lib_init_atexit_1
    libinit.o(.ARM.Collect$$libinit$$00000000) refers (Special) to libinit2.o(.ARM.Collect$$libinit$$00000021) for __rt_lib_init_clock_1
    libinit.o(.ARM.Collect$$libinit$$00000000) refers (Special) to libinit2.o(.ARM.Collect$$libinit$$00000032) for __rt_lib_init_cpp_1
    libinit.o(.ARM.Collect$$libinit$$00000000) refers (Special) to libinit2.o(.ARM.Collect$$libinit$$00000030) for __rt_lib_init_exceptions_1
    libinit.o(.ARM.Collect$$libinit$$00000000) refers (Special) to libinit2.o(.ARM.Collect$$libinit$$00000002) for __rt_lib_init_fp_1
    libinit.o(.ARM.Collect$$libinit$$00000000) refers (Special) to libinit2.o(.ARM.Collect$$libinit$$0000001F) for __rt_lib_init_fp_trap_1
    libinit.o(.ARM.Collect$$libinit$$00000000) refers (Special) to libinit2.o(.ARM.Collect$$libinit$$00000023) for __rt_lib_init_getenv_1
    libinit.o(.ARM.Collect$$libinit$$00000000) refers (Special) to libinit2.o(.ARM.Collect$$libinit$$0000000A) for __rt_lib_init_heap_1
    libinit.o(.ARM.Collect$$libinit$$00000000) refers (Special) to libinit2.o(.ARM.Collect$$libinit$$00000011) for __rt_lib_init_lc_collate_1
    libinit.o(.ARM.Collect$$libinit$$00000000) refers (Special) to libinit2.o(.ARM.Collect$$libinit$$00000013) for __rt_lib_init_lc_ctype_1
    libinit.o(.ARM.Collect$$libinit$$00000000) refers (Special) to libinit2.o(.ARM.Collect$$libinit$$00000015) for __rt_lib_init_lc_monetary_1
    libinit.o(.ARM.Collect$$libinit$$00000000) refers (Special) to libinit2.o(.ARM.Collect$$libinit$$00000017) for __rt_lib_init_lc_numeric_1
    libinit.o(.ARM.Collect$$libinit$$00000000) refers (Special) to libinit2.o(.ARM.Collect$$libinit$$00000019) for __rt_lib_init_lc_time_1
    libinit.o(.ARM.Collect$$libinit$$00000000) refers (Special) to libinit2.o(.ARM.Collect$$libinit$$00000004) for __rt_lib_init_preinit_1
    libinit.o(.ARM.Collect$$libinit$$00000000) refers (Special) to libinit2.o(.ARM.Collect$$libinit$$0000000E) for __rt_lib_init_rand_1
    libinit.o(.ARM.Collect$$libinit$$00000000) refers (Special) to libinit2.o(.ARM.Collect$$libinit$$00000033) for __rt_lib_init_return
    libinit.o(.ARM.Collect$$libinit$$00000000) refers (Special) to libinit2.o(.ARM.Collect$$libinit$$0000001D) for __rt_lib_init_signal_1
    libinit.o(.ARM.Collect$$libinit$$00000000) refers (Special) to libinit2.o(.ARM.Collect$$libinit$$00000025) for __rt_lib_init_stdio_1
    libinit.o(.ARM.Collect$$libinit$$00000000) refers (Special) to libinit2.o(.ARM.Collect$$libinit$$0000000C) for __rt_lib_init_user_alloc_1
    libspace.o(.text) refers to libspace.o(.bss) for __libspace_start
    rtexit.o(.ARM.Collect$$rtexit$$00000000) refers (Special) to rtexit2.o(.ARM.Collect$$rtexit$$00000004) for __rt_exit_exit
    rtexit.o(.ARM.Collect$$rtexit$$00000000) refers (Special) to rtexit2.o(.ARM.Collect$$rtexit$$00000003) for __rt_exit_ls
    rtexit.o(.ARM.Collect$$rtexit$$00000000) refers (Special) to rtexit2.o(.ARM.Collect$$rtexit$$00000002) for __rt_exit_prels_1
    rtexit.o(.ARM.exidx) refers (Special) to rtexit2.o(.ARM.Collect$$rtexit$$00000004) for __rt_exit_exit
    rtexit.o(.ARM.exidx) refers (Special) to rtexit2.o(.ARM.Collect$$rtexit$$00000003) for __rt_exit_ls
    rtexit.o(.ARM.exidx) refers (Special) to rtexit2.o(.ARM.Collect$$rtexit$$00000002) for __rt_exit_prels_1
    rtexit.o(.ARM.exidx) refers to rtexit.o(.ARM.Collect$$rtexit$$00000000) for .ARM.Collect$$rtexit$$00000000
    libinit2.o(.ARM.Collect$$libinit$$00000010) refers to libinit2.o(.ARM.Collect$$libinit$$0000000F) for .ARM.Collect$$libinit$$0000000F
    libinit2.o(.ARM.Collect$$libinit$$00000012) refers to libinit2.o(.ARM.Collect$$libinit$$0000000F) for .ARM.Collect$$libinit$$0000000F
    libinit2.o(.ARM.Collect$$libinit$$00000014) refers to libinit2.o(.ARM.Collect$$libinit$$0000000F) for .ARM.Collect$$libinit$$0000000F
    libinit2.o(.ARM.Collect$$libinit$$00000016) refers to libinit2.o(.ARM.Collect$$libinit$$0000000F) for .ARM.Collect$$libinit$$0000000F
    libinit2.o(.ARM.Collect$$libinit$$00000018) refers to libinit2.o(.ARM.Collect$$libinit$$0000000F) for .ARM.Collect$$libinit$$0000000F
    libinit2.o(.ARM.Collect$$libinit$$00000026) refers to argv_veneer.o(.emb_text) for __ARM_argv_veneer
    libinit2.o(.ARM.Collect$$libinit$$00000027) refers to argv_veneer.o(.emb_text) for __ARM_argv_veneer
    rtexit2.o(.ARM.Collect$$rtexit$$00000003) refers to libshutdown.o(.ARM.Collect$$libshutdown$$00000000) for __rt_lib_shutdown
    rtexit2.o(.ARM.Collect$$rtexit$$00000004) refers to sys_exit.o(.text) for _sys_exit
    rtexit2.o(.ARM.exidx) refers to rtexit2.o(.ARM.Collect$$rtexit$$00000001) for .ARM.Collect$$rtexit$$00000001
    rtexit2.o(.ARM.exidx) refers to rtexit2.o(.ARM.Collect$$rtexit$$00000003) for .ARM.Collect$$rtexit$$00000003
    rtexit2.o(.ARM.exidx) refers to rtexit2.o(.ARM.Collect$$rtexit$$00000004) for .ARM.Collect$$rtexit$$00000004
    argv_veneer.o(.emb_text) refers to no_argv.o(.text) for __ARM_get_argv
    sys_exit.o(.text) refers (Special) to use_no_semi.o(.text) for __I$use$semihosting
    sys_exit.o(.text) refers (Special) to indicate_semi.o(.text) for __semihosting_library_function
    _get_argv_nomalloc.o(.text) refers (Special) to hrguard.o(.text) for __heap_region$guard
    _get_argv_nomalloc.o(.text) refers to defsig_rtmem_outer.o(.text) for __rt_SIGRTMEM
    _get_argv_nomalloc.o(.text) refers to sys_command.o(.text) for _sys_command_string
    libshutdown.o(.ARM.Collect$$libshutdown$$00000000) refers (Special) to libshutdown2.o(.ARM.Collect$$libshutdown$$00000004) for __rt_lib_shutdown_cpp_1
    libshutdown.o(.ARM.Collect$$libshutdown$$00000000) refers (Special) to libshutdown2.o(.ARM.Collect$$libshutdown$$00000002) for __rt_lib_shutdown_fini_1
    libshutdown.o(.ARM.Collect$$libshutdown$$00000000) refers (Special) to libshutdown2.o(.ARM.Collect$$libshutdown$$00000009) for __rt_lib_shutdown_fp_trap_1
    libshutdown.o(.ARM.Collect$$libshutdown$$00000000) refers (Special) to libshutdown2.o(.ARM.Collect$$libshutdown$$00000011) for __rt_lib_shutdown_heap_1
    libshutdown.o(.ARM.Collect$$libshutdown$$00000000) refers (Special) to libshutdown2.o(.ARM.Collect$$libshutdown$$00000012) for __rt_lib_shutdown_return
    libshutdown.o(.ARM.Collect$$libshutdown$$00000000) refers (Special) to libshutdown2.o(.ARM.Collect$$libshutdown$$0000000C) for __rt_lib_shutdown_signal_1
    libshutdown.o(.ARM.Collect$$libshutdown$$00000000) refers (Special) to libshutdown2.o(.ARM.Collect$$libshutdown$$00000006) for __rt_lib_shutdown_stdio_1
    libshutdown.o(.ARM.Collect$$libshutdown$$00000000) refers (Special) to libshutdown2.o(.ARM.Collect$$libshutdown$$0000000E) for __rt_lib_shutdown_user_alloc_1
    sys_command.o(.text) refers (Special) to use_no_semi.o(.text) for __I$use$semihosting
    sys_command.o(.text) refers (Special) to indicate_semi.o(.text) for __semihosting_library_function
    defsig_rtmem_outer.o(.text) refers to defsig_rtmem_inner.o(.text) for __rt_SIGRTMEM_inner
    defsig_rtmem_outer.o(.text) refers to defsig_exit.o(.text) for __sig_exit
    defsig_rtmem_formal.o(.text) refers to rt_raise.o(.text) for __rt_raise
    rt_raise.o(.text) refers to __raise.o(.text) for __raise
    rt_raise.o(.text) refers to sys_exit.o(.text) for _sys_exit
    defsig_exit.o(.text) refers to sys_exit.o(.text) for _sys_exit
    defsig_rtmem_inner.o(.text) refers to defsig_general.o(.text) for __default_signal_display
    __raise.o(.text) refers to defsig.o(CL$$defsig) for __default_signal_handler
    defsig_general.o(.text) refers to sys_wrch.o(.text) for _ttywrch
    sys_wrch.o(.text) refers (Special) to use_no_semi.o(.text) for __I$use$semihosting
    sys_wrch.o(.text) refers (Special) to indicate_semi.o(.text) for __semihosting_library_function
    defsig.o(CL$$defsig) refers to defsig_rtmem_inner.o(.text) for __rt_SIGRTMEM_inner
    defsig_abrt_inner.o(.text) refers to defsig_general.o(.text) for __default_signal_display
    defsig_fpe_inner.o(.text) refers to defsig_general.o(.text) for __default_signal_display
    defsig_rtred_inner.o(.text) refers to defsig_general.o(.text) for __default_signal_display
    defsig_stak_inner.o(.text) refers to defsig_general.o(.text) for __default_signal_display
    defsig_pvfn_inner.o(.text) refers to defsig_general.o(.text) for __default_signal_display
    defsig_cppl_inner.o(.text) refers to defsig_general.o(.text) for __default_signal_display
    defsig_segv_inner.o(.text) refers to defsig_general.o(.text) for __default_signal_display
    defsig_other.o(.text) refers to defsig_general.o(.text) for __default_signal_display


==============================================================================

Removing Unused input sections from the image.

    Removing lab10.o(i.Delay100ms), (36 bytes).
    Removing lab10.o(i.Profile_Init), (100 bytes).
    Removing lab10.o(i.ScopeTask), (20 bytes).
    Removing lab10.o(i.mainstarter), (384 bytes).
    Removing timer1.o(.data), (4 bytes).
    Removing i2c3.o(i.I2C3_Recv), (276 bytes).
    Removing i2c3.o(i.I2C3_Recv1), (88 bytes).
    Removing i2c3.o(i.I2C3_Recv2), (120 bytes).
    Removing i2c3.o(i.I2C3_Recv3), (116 bytes).
    Removing i2c3.o(i.I2C3_Send1), (60 bytes).
    Removing i2c3.o(i.I2C3_Send4), (212 bytes).
    Removing ssd1306.o(i.SSD1306_Dim), (44 bytes).
    Removing ssd1306.o(i.SSD1306_DrawChar), (104 bytes).
    Removing ssd1306.o(i.SSD1306_DrawFastHLine), (140 bytes).
    Removing ssd1306.o(i.SSD1306_DrawFastVLine), (140 bytes).
    Removing ssd1306.o(i.SSD1306_DrawFullImage), (44 bytes).
    Removing ssd1306.o(i.SSD1306_DrawPixel), (248 bytes).
    Removing ssd1306.o(i.SSD1306_DrawPoint), (124 bytes).
    Removing ssd1306.o(i.SSD1306_DrawString), (40 bytes).
    Removing ssd1306.o(i.SSD1306_GetBuffer), (8 bytes).
    Removing ssd1306.o(i.SSD1306_GetPixel), (124 bytes).
    Removing ssd1306.o(i.SSD1306_InvertDisplay), (20 bytes).
    Removing ssd1306.o(i.SSD1306_OutHex7), (36 bytes).
    Removing ssd1306.o(i.SSD1306_OutSDec), (440 bytes).
    Removing ssd1306.o(i.SSD1306_OutSFix1), (208 bytes).
    Removing ssd1306.o(i.SSD1306_OutUDec), (412 bytes).
    Removing ssd1306.o(i.SSD1306_OutUDec16), (144 bytes).
    Removing ssd1306.o(i.SSD1306_OutUDec2), (82 bytes).
    Removing ssd1306.o(i.SSD1306_OutUFix1), (108 bytes).
    Removing ssd1306.o(i.SSD1306_OutUHex7), (40 bytes).
    Removing ssd1306.o(i.SSD1306_SetPlot), (104 bytes).
    Removing ssd1306.o(i.SSD1306_startscrolldiagleft), (68 bytes).
    Removing ssd1306.o(i.SSD1306_startscrolldiagright), (68 bytes).
    Removing ssd1306.o(i.SSD1306_startscrollleft), (52 bytes).
    Removing ssd1306.o(i.SSD1306_startscrollright), (52 bytes).
    Removing ssd1306.o(i.SSD1306_stopscroll), (10 bytes).
    Removing ssd1306.o(i.ferror), (8 bytes).
    Removing ssd1306.o(i.fgetc), (6 bytes).
    Removing ssd1306.o(i.fputc), (16 bytes).
    Removing ssd1306.o(i.ssd1306drawFastHLineInternal), (164 bytes).
    Removing ssd1306.o(i.ssd1306drawFastVLineInternal), (356 bytes).
    Removing texas.o(i.TExaS_Stop), (24 bytes).

42 unused section(s) (total 4850 bytes) removed from the image.

==============================================================================

Image Symbol Table

    Local Symbols

    Symbol Name                              Value     Ov Type        Size  Object(Section)

    RESET                                    0x00000000   Section      644  startup.o(RESET)
    ../clib/angel/boardlib.s                 0x00000000   Number         0  boardinit1.o ABSOLUTE
    ../clib/angel/boardlib.s                 0x00000000   Number         0  boardinit2.o ABSOLUTE
    ../clib/angel/boardlib.s                 0x00000000   Number         0  boardinit3.o ABSOLUTE
    ../clib/angel/boardlib.s                 0x00000000   Number         0  boardshut.o ABSOLUTE
    ../clib/angel/handlers.s                 0x00000000   Number         0  __scatter_copy.o ABSOLUTE
    ../clib/angel/handlers.s                 0x00000000   Number         0  __scatter_zi.o ABSOLUTE
    ../clib/angel/kernel.s                   0x00000000   Number         0  rtexit.o ABSOLUTE
    ../clib/angel/kernel.s                   0x00000000   Number         0  __rtentry.o ABSOLUTE
    ../clib/angel/kernel.s                   0x00000000   Number         0  __rtentry2.o ABSOLUTE
    ../clib/angel/kernel.s                   0x00000000   Number         0  __rtentry4.o ABSOLUTE
    ../clib/angel/kernel.s                   0x00000000   Number         0  rtexit2.o ABSOLUTE
    ../clib/angel/rt.s                       0x00000000   Number         0  rt_raise.o ABSOLUTE
    ../clib/angel/scatter.s                  0x00000000   Number         0  __scatter.o ABSOLUTE
    ../clib/angel/startup.s                  0x00000000   Number         0  __main.o ABSOLUTE
    ../clib/angel/sys.s                      0x00000000   Number         0  sys_stackheap_outer.o ABSOLUTE
    ../clib/angel/sys.s                      0x00000000   Number         0  indicate_semi.o ABSOLUTE
    ../clib/angel/sys.s                      0x00000000   Number         0  use_no_semi.o ABSOLUTE
    ../clib/angel/sys.s                      0x00000000   Number         0  libspace.o ABSOLUTE
    ../clib/angel/sysapp.c                   0x00000000   Number         0  sys_wrch.o ABSOLUTE
    ../clib/angel/sysapp.c                   0x00000000   Number         0  sys_command.o ABSOLUTE
    ../clib/angel/sysapp.c                   0x00000000   Number         0  sys_exit.o ABSOLUTE
    ../clib/armsys.c                         0x00000000   Number         0  no_argv.o ABSOLUTE
    ../clib/armsys.c                         0x00000000   Number         0  _get_argv_nomalloc.o ABSOLUTE
    ../clib/armsys.c                         0x00000000   Number         0  argv_veneer.o ABSOLUTE
    ../clib/armsys.c                         0x00000000   Number         0  argv_veneer.o ABSOLUTE
    ../clib/heapalloc.c                      0x00000000   Number         0  hrguard.o ABSOLUTE
    ../clib/heapaux.c                        0x00000000   Number         0  heapauxi.o ABSOLUTE
    ../clib/libinit.s                        0x00000000   Number         0  libshutdown2.o ABSOLUTE
    ../clib/libinit.s                        0x00000000   Number         0  libshutdown.o ABSOLUTE
    ../clib/libinit.s                        0x00000000   Number         0  libinit2.o ABSOLUTE
    ../clib/libinit.s                        0x00000000   Number         0  libinit.o ABSOLUTE
    ../clib/signal.c                         0x00000000   Number         0  defsig_rtred_inner.o ABSOLUTE
    ../clib/signal.c                         0x00000000   Number         0  defsig_fpe_inner.o ABSOLUTE
    ../clib/signal.c                         0x00000000   Number         0  defsig_abrt_inner.o ABSOLUTE
    ../clib/signal.c                         0x00000000   Number         0  defsig_other.o ABSOLUTE
    ../clib/signal.c                         0x00000000   Number         0  defsig_general.o ABSOLUTE
    ../clib/signal.c                         0x00000000   Number         0  defsig_rtmem_outer.o ABSOLUTE
    ../clib/signal.c                         0x00000000   Number         0  defsig_rtmem_inner.o ABSOLUTE
    ../clib/signal.c                         0x00000000   Number         0  defsig_exit.o ABSOLUTE
    ../clib/signal.c                         0x00000000   Number         0  defsig_segv_inner.o ABSOLUTE
    ../clib/signal.c                         0x00000000   Number         0  defsig_cppl_inner.o ABSOLUTE
    ../clib/signal.c                         0x00000000   Number         0  defsig_rtmem_formal.o ABSOLUTE
    ../clib/signal.c                         0x00000000   Number         0  __raise.o ABSOLUTE
    ../clib/signal.c                         0x00000000   Number         0  defsig_pvfn_inner.o ABSOLUTE
    ../clib/signal.c                         0x00000000   Number         0  defsig_stak_inner.o ABSOLUTE
    ../clib/signal.s                         0x00000000   Number         0  defsig.o ABSOLUTE
    ../clib/stdlib.c                         0x00000000   Number         0  exit.o ABSOLUTE
    ../fplib/fpinit.s                        0x00000000   Number         0  fpinit.o ABSOLUTE
    ..\\inc\\CortexM.c                       0x00000000   Number         0  cortexm.o ABSOLUTE
    ..\inc\CortexM.c                         0x00000000   Number         0  cortexm.o ABSOLUTE
    ADC.c                                    0x00000000   Number         0  adc.o ABSOLUTE
    DAC.c                                    0x00000000   Number         0  dac.o ABSOLUTE
    I2C3.c                                   0x00000000   Number         0  i2c3.o ABSOLUTE
    Lab10.c                                  0x00000000   Number         0  lab10.o ABSOLUTE
    Print.s                                  0x00000000   Number         0  print.o ABSOLUTE
    SSD1306.c                                0x00000000   Number         0  ssd1306.o ABSOLUTE
    Sound.c                                  0x00000000   Number         0  sound.o ABSOLUTE
    Switch.c                                 0x00000000   Number         0  switch.o ABSOLUTE
    TExaS.c                                  0x00000000   Number         0  texas.o ABSOLUTE
    Timer0.c                                 0x00000000   Number         0  timer0.o ABSOLUTE
    Timer1.c                                 0x00000000   Number         0  timer1.o ABSOLUTE
    dc.s                                     0x00000000   Number         0  dc.o ABSOLUTE
    random.s                                 0x00000000   Number         0  random.o ABSOLUTE
    startup.s                                0x00000000   Number         0  startup.o ABSOLUTE
    !!!main                                  0x00000284   Section        8  __main.o(!!!main)
    !!!scatter                               0x0000028c   Section       52  __scatter.o(!!!scatter)
    !!handler_copy                           0x000002c0   Section       26  __scatter_copy.o(!!handler_copy)
    !!handler_zi                             0x000002dc   Section       28  __scatter_zi.o(!!handler_zi)
    .ARM.Collect$$libinit$$00000000          0x000002f8   Section        2  libinit.o(.ARM.Collect$$libinit$$00000000)
    .ARM.Collect$$libinit$$00000002          0x000002fa   Section        0  libinit2.o(.ARM.Collect$$libinit$$00000002)
    .ARM.Collect$$libinit$$00000004          0x000002fa   Section        0  libinit2.o(.ARM.Collect$$libinit$$00000004)
    .ARM.Collect$$libinit$$0000000A          0x000002fa   Section        0  libinit2.o(.ARM.Collect$$libinit$$0000000A)
    .ARM.Collect$$libinit$$0000000C          0x000002fa   Section        0  libinit2.o(.ARM.Collect$$libinit$$0000000C)
    .ARM.Collect$$libinit$$0000000E          0x000002fa   Section        0  libinit2.o(.ARM.Collect$$libinit$$0000000E)
    .ARM.Collect$$libinit$$00000011          0x000002fa   Section        0  libinit2.o(.ARM.Collect$$libinit$$00000011)
    .ARM.Collect$$libinit$$00000013          0x000002fa   Section        0  libinit2.o(.ARM.Collect$$libinit$$00000013)
    .ARM.Collect$$libinit$$00000015          0x000002fa   Section        0  libinit2.o(.ARM.Collect$$libinit$$00000015)
    .ARM.Collect$$libinit$$00000017          0x000002fa   Section        0  libinit2.o(.ARM.Collect$$libinit$$00000017)
    .ARM.Collect$$libinit$$00000019          0x000002fa   Section        0  libinit2.o(.ARM.Collect$$libinit$$00000019)
    .ARM.Collect$$libinit$$0000001B          0x000002fa   Section        0  libinit2.o(.ARM.Collect$$libinit$$0000001B)
    .ARM.Collect$$libinit$$0000001D          0x000002fa   Section        0  libinit2.o(.ARM.Collect$$libinit$$0000001D)
    .ARM.Collect$$libinit$$0000001F          0x000002fa   Section        0  libinit2.o(.ARM.Collect$$libinit$$0000001F)
    .ARM.Collect$$libinit$$00000021          0x000002fa   Section        0  libinit2.o(.ARM.Collect$$libinit$$00000021)
    .ARM.Collect$$libinit$$00000023          0x000002fa   Section        0  libinit2.o(.ARM.Collect$$libinit$$00000023)
    .ARM.Collect$$libinit$$00000025          0x000002fa   Section        0  libinit2.o(.ARM.Collect$$libinit$$00000025)
    .ARM.Collect$$libinit$$0000002C          0x000002fa   Section        0  libinit2.o(.ARM.Collect$$libinit$$0000002C)
    .ARM.Collect$$libinit$$0000002E          0x000002fa   Section        0  libinit2.o(.ARM.Collect$$libinit$$0000002E)
    .ARM.Collect$$libinit$$00000030          0x000002fa   Section        0  libinit2.o(.ARM.Collect$$libinit$$00000030)
    .ARM.Collect$$libinit$$00000032          0x000002fa   Section        0  libinit2.o(.ARM.Collect$$libinit$$00000032)
    .ARM.Collect$$libinit$$00000033          0x000002fa   Section        2  libinit2.o(.ARM.Collect$$libinit$$00000033)
    .ARM.Collect$$libshutdown$$00000000      0x000002fc   Section        2  libshutdown.o(.ARM.Collect$$libshutdown$$00000000)
    .ARM.Collect$$libshutdown$$00000002      0x000002fe   Section        0  libshutdown2.o(.ARM.Collect$$libshutdown$$00000002)
    .ARM.Collect$$libshutdown$$00000004      0x000002fe   Section        0  libshutdown2.o(.ARM.Collect$$libshutdown$$00000004)
    .ARM.Collect$$libshutdown$$00000006      0x000002fe   Section        0  libshutdown2.o(.ARM.Collect$$libshutdown$$00000006)
    .ARM.Collect$$libshutdown$$00000009      0x000002fe   Section        0  libshutdown2.o(.ARM.Collect$$libshutdown$$00000009)
    .ARM.Collect$$libshutdown$$0000000C      0x000002fe   Section        0  libshutdown2.o(.ARM.Collect$$libshutdown$$0000000C)
    .ARM.Collect$$libshutdown$$0000000E      0x000002fe   Section        0  libshutdown2.o(.ARM.Collect$$libshutdown$$0000000E)
    .ARM.Collect$$libshutdown$$00000011      0x000002fe   Section        0  libshutdown2.o(.ARM.Collect$$libshutdown$$00000011)
    .ARM.Collect$$libshutdown$$00000012      0x000002fe   Section        2  libshutdown2.o(.ARM.Collect$$libshutdown$$00000012)
    .ARM.Collect$$rtentry$$00000000          0x00000300   Section        0  __rtentry.o(.ARM.Collect$$rtentry$$00000000)
    .ARM.Collect$$rtentry$$00000002          0x00000300   Section        0  __rtentry2.o(.ARM.Collect$$rtentry$$00000002)
    .ARM.Collect$$rtentry$$00000004          0x00000300   Section        6  __rtentry4.o(.ARM.Collect$$rtentry$$00000004)
    .ARM.Collect$$rtentry$$00000009          0x00000306   Section        0  __rtentry2.o(.ARM.Collect$$rtentry$$00000009)
    .ARM.Collect$$rtentry$$0000000A          0x00000306   Section        4  __rtentry2.o(.ARM.Collect$$rtentry$$0000000A)
    .ARM.Collect$$rtentry$$0000000C          0x0000030a   Section        0  __rtentry2.o(.ARM.Collect$$rtentry$$0000000C)
    .ARM.Collect$$rtentry$$0000000D          0x0000030a   Section        8  __rtentry2.o(.ARM.Collect$$rtentry$$0000000D)
    .ARM.Collect$$rtexit$$00000000           0x00000312   Section        2  rtexit.o(.ARM.Collect$$rtexit$$00000000)
    .ARM.Collect$$rtexit$$00000002           0x00000314   Section        0  rtexit2.o(.ARM.Collect$$rtexit$$00000002)
    .ARM.Collect$$rtexit$$00000003           0x00000314   Section        4  rtexit2.o(.ARM.Collect$$rtexit$$00000003)
    .ARM.Collect$$rtexit$$00000004           0x00000318   Section        6  rtexit2.o(.ARM.Collect$$rtexit$$00000004)
    .emb_text                                0x00000320   Section        6  cortexm.o(.emb_text)
    .text                                    0x00000328   Section       48  startup.o(.text)
    .text                                    0x00000358   Section       64  random.o(.text)
    .text                                    0x00000398   Section      276  print.o(.text)
    .text                                    0x000004ac   Section        0  heapauxi.o(.text)
    .text                                    0x000004b2   Section       74  sys_stackheap_outer.o(.text)
    .text                                    0x000004fc   Section        0  exit.o(.text)
    .text                                    0x00000510   Section        8  libspace.o(.text)
    .text                                    0x00000518   Section        0  sys_exit.o(.text)
    .text                                    0x00000524   Section        2  use_no_semi.o(.text)
    .text                                    0x00000526   Section        0  indicate_semi.o(.text)
    i.ADC1_Init                              0x00000528   Section        0  texas.o(i.ADC1_Init)
    i.ADC_In                                 0x000005f0   Section        0  adc.o(i.ADC_In)
    i.ADC_Init                               0x0000061c   Section        0  adc.o(i.ADC_Init)
    i.CheckForCollisions                     0x00000700   Section        0  lab10.o(i.CheckForCollisions)
    i.Clock_Delay1ms                         0x00000794   Section        0  cortexm.o(i.Clock_Delay1ms)
    i.DAC_Init                               0x000007ac   Section        0  dac.o(i.DAC_Init)
    i.DAC_Out                                0x000007e4   Section        0  dac.o(i.DAC_Out)
    i.Draw                                   0x000007f0   Section        0  lab10.o(i.Draw)
    i.FireMissile                            0x0000088c   Section        0  lab10.o(i.FireMissile)
    i.GPIOPortF_Handler                      0x000008d4   Section        0  lab10.o(i.GPIOPortF_Handler)
    i.I2C3_Init                              0x000008e0   Section        0  i2c3.o(i.I2C3_Init)
    i.I2C3_Send                              0x0000098c   Section        0  i2c3.o(i.I2C3_Send)
    i.I2C3_Send2                             0x00000a6c   Section        0  i2c3.o(i.I2C3_Send2)
    i.I2C3_SendData                          0x00000adc   Section        0  i2c3.o(i.I2C3_SendData)
    i.LogicAnalyzerTask                      0x00000b58   Section        0  lab10.o(i.LogicAnalyzerTask)
    i.Move                                   0x00000b78   Section        0  lab10.o(i.Move)
    i.PLL_Init                               0x00000c28   Section        0  texas.o(i.PLL_Init)
    i.Pause                                  0x00000ca4   Section        0  lab10.o(i.Pause)
    i.PortF_Init                             0x00000ce8   Section        0  lab10.o(i.PortF_Init)
    i.SSD1306_ClearBuffer                    0x00000da8   Section        0  ssd1306.o(i.SSD1306_ClearBuffer)
    i.SSD1306_DrawBMP                        0x00000dcc   Section        0  ssd1306.o(i.SSD1306_DrawBMP)
    i.SSD1306_Init                           0x00000fe4   Section        0  ssd1306.o(i.SSD1306_Init)
    i.SSD1306_OutBuffer                      0x000010a0   Section        0  ssd1306.o(i.SSD1306_OutBuffer)
    i.SSD1306_OutChar                        0x000010c8   Section        0  ssd1306.o(i.SSD1306_OutChar)
    i.SSD1306_OutClear                       0x000011cc   Section        0  ssd1306.o(i.SSD1306_OutClear)
    i.SSD1306_OutString                      0x000011d8   Section        0  ssd1306.o(i.SSD1306_OutString)
    i.SSD1306_SetCursor                      0x000011f0   Section        0  ssd1306.o(i.SSD1306_SetCursor)
    i.Sound_Init                             0x00001260   Section        0  sound.o(i.Sound_Init)
    i.Sound_Start                            0x00001270   Section        0  sound.o(i.Sound_Start)
    i.SpawnEnemies                           0x00001288   Section        0  lab10.o(i.SpawnEnemies)
    i.SysTick_Handler                        0x000012f0   Section        0  lab10.o(i.SysTick_Handler)
    i.SysTick_Init                           0x00001330   Section        0  lab10.o(i.SysTick_Init)
    i.TExaS_Init                             0x00001348   Section        0  texas.o(i.TExaS_Init)
    i.Timer0A_Handler                        0x000013b8   Section        0  timer0.o(i.Timer0A_Handler)
    i.Timer0_Init                            0x000013d0   Section        0  timer0.o(i.Timer0_Init)
    i.Timer1A_Handler                        0x00001430   Section        0  sound.o(i.Timer1A_Handler)
    i.Timer1_Init                            0x00001474   Section        0  timer1.o(i.Timer1_Init)
    i.Timer5A_Handler                        0x000014c4   Section        0  texas.o(i.Timer5A_Handler)
    i.UART0_Init                             0x000014dc   Section        0  texas.o(i.UART0_Init)
    i.main                                   0x00001588   Section        0  lab10.o(i.main)
    i.ssd1306command                         0x00001818   Section        0  ssd1306.o(i.ssd1306command)
    i.ssd1306command1                        0x00001828   Section        0  ssd1306.o(i.ssd1306command1)
    i.ssd1306commandList                     0x00001838   Section        0  ssd1306.o(i.ssd1306commandList)
    .constdata                               0x0000184a   Section     7530  lab10.o(.constdata)
    .constdata                               0x000035b4   Section    15435  sound.o(.constdata)
    .constdata                               0x000071ff   Section     1443  ssd1306.o(.constdata)
    ASCII                                    0x000071ff   Data        1374  ssd1306.o(.constdata)
    init1                                    0x0000775d   Data           5  ssd1306.o(.constdata)
    init2                                    0x00007762   Data           5  ssd1306.o(.constdata)
    init3                                    0x00007767   Data           5  ssd1306.o(.constdata)
    init4b                                   0x0000776c   Data           4  ssd1306.o(.constdata)
    init5                                    0x00007770   Data           7  ssd1306.o(.constdata)
    premask                                  0x00007777   Data           8  ssd1306.o(.constdata)
    postmask                                 0x0000777f   Data           8  ssd1306.o(.constdata)
    dlist1                                   0x00007787   Data           5  ssd1306.o(.constdata)
    scrollList1a                             0x0000778c   Data           2  ssd1306.o(.constdata)
    scrollList1b                             0x0000778e   Data           3  ssd1306.o(.constdata)
    scrollList2a                             0x00007791   Data           2  ssd1306.o(.constdata)
    scrollList2b                             0x00007793   Data           3  ssd1306.o(.constdata)
    scrollList3a                             0x00007796   Data           2  ssd1306.o(.constdata)
    scrollList3b                             0x00007798   Data           2  ssd1306.o(.constdata)
    scrollList3c                             0x0000779a   Data           2  ssd1306.o(.constdata)
    scrollList4a                             0x0000779c   Data           2  ssd1306.o(.constdata)
    scrollList4b                             0x0000779e   Data           2  ssd1306.o(.constdata)
    scrollList4c                             0x000077a0   Data           2  ssd1306.o(.constdata)
    .data                                    0x20000000   Section      150  lab10.o(.data)
    continuousPress                          0x20000094   Data           1  lab10.o(.data)
    last                                     0x20000095   Data           1  lab10.o(.data)
    .data                                    0x20000098   Section        4  timer0.o(.data)
    .data                                    0x2000009c   Section        4  sound.o(.data)
    .data                                    0x200000a0   Section       42  ssd1306.o(.data)
    DeltaX                                   0x200000a8   Data           4  ssd1306.o(.data)
    MaxX                                     0x200000ac   Data           4  ssd1306.o(.data)
    MinX                                     0x200000b0   Data           4  ssd1306.o(.data)
    DeltaY                                   0x200000b4   Data           4  ssd1306.o(.data)
    MaxY                                     0x200000b8   Data           4  ssd1306.o(.data)
    MinY                                     0x200000bc   Data           4  ssd1306.o(.data)
    PlotColor                                0x200000c0   Data           2  ssd1306.o(.data)
    .data                                    0x200000cc   Section        4  texas.o(.data)
    DATA                                     0x200000d0   Section        4  random.o(DATA)
    M                                        0x200000d0   Data           4  random.o(DATA)
    .bss                                     0x200000d4   Section      576  lab10.o(.bss)
    .bss                                     0x20000314   Section     1024  ssd1306.o(.bss)
    .bss                                     0x20000714   Section       96  libspace.o(.bss)
    HEAP                                     0x20000778   Section        0  startup.o(HEAP)
    STACK                                    0x20000778   Section     1024  startup.o(STACK)
    HeapMem                                  0x20000778   Data           0  startup.o(HEAP)
    StackMem                                 0x20000778   Data           0  startup.o(STACK)

    Global Symbols

    Symbol Name                              Value     Ov Type        Size  Object(Section)

    BuildAttributes$$THM_ISAv4$E$P$D$K$B$S$7EM$PE$A:L22UL41UL21$X:L11$S22US41US21$IEEE1$IW$USESV6$~STKCKD$USESV7$~SHL$OSPACE$ROPI$EBA8$UX$STANDARDLIB$REQ8$PRES8$EABIv2 0x00000000   Number         0  anon$$obj.o ABSOLUTE
    __ARM_use_no_argv                        0x00000000   Number         0  lab10.o ABSOLUTE
    __Vectors                                0x00000000   Data           0  startup.o(RESET)
    __ARM_exceptions_init                     - Undefined Weak Reference
    __alloca_initialize                       - Undefined Weak Reference
    __arm_fini_                               - Undefined Weak Reference
    __arm_preinit_                            - Undefined Weak Reference
    __cpp_initialize__aeabi_                  - Undefined Weak Reference
    __cxa_finalize                            - Undefined Weak Reference
    __rt_locale                               - Undefined Weak Reference
    __sigvec_lookup                           - Undefined Weak Reference
    _atexit_init                              - Undefined Weak Reference
    _call_atexit_fns                          - Undefined Weak Reference
    _clock_init                               - Undefined Weak Reference
    _fp_trap_init                             - Undefined Weak Reference
    _fp_trap_shutdown                         - Undefined Weak Reference
    _get_lc_collate                           - Undefined Weak Reference
    _get_lc_ctype                             - Undefined Weak Reference
    _get_lc_monetary                          - Undefined Weak Reference
    _get_lc_numeric                           - Undefined Weak Reference
    _get_lc_time                              - Undefined Weak Reference
    _getenv_init                              - Undefined Weak Reference
    _handle_redirection                       - Undefined Weak Reference
    _init_alloc                               - Undefined Weak Reference
    _init_user_alloc                          - Undefined Weak Reference
    _initio                                   - Undefined Weak Reference
    _rand_init                                - Undefined Weak Reference
    _signal_finish                            - Undefined Weak Reference
    _signal_init                              - Undefined Weak Reference
    _terminate_alloc                          - Undefined Weak Reference
    _terminate_user_alloc                     - Undefined Weak Reference
    _terminateio                              - Undefined Weak Reference
    Reset_Handler                            0x0000026d   Thumb Code     0  startup.o(RESET)
    NMI_Handler                              0x00000271   Thumb Code     2  startup.o(RESET)
    HardFault_Handler                        0x00000273   Thumb Code     2  startup.o(RESET)
    MemManage_Handler                        0x00000275   Thumb Code     2  startup.o(RESET)
    BusFault_Handler                         0x00000277   Thumb Code     2  startup.o(RESET)
    UsageFault_Handler                       0x00000279   Thumb Code     2  startup.o(RESET)
    SVC_Handler                              0x0000027b   Thumb Code     2  startup.o(RESET)
    DebugMon_Handler                         0x0000027d   Thumb Code     2  startup.o(RESET)
    PendSV_Handler                           0x0000027f   Thumb Code     2  startup.o(RESET)
    ADC0Seq0_Handler                         0x00000283   Thumb Code     0  startup.o(RESET)
    ADC0Seq1_Handler                         0x00000283   Thumb Code     0  startup.o(RESET)
    ADC0Seq2_Handler                         0x00000283   Thumb Code     0  startup.o(RESET)
    ADC0Seq3_Handler                         0x00000283   Thumb Code     0  startup.o(RESET)
    ADC1Seq0_Handler                         0x00000283   Thumb Code     0  startup.o(RESET)
    ADC1Seq1_Handler                         0x00000283   Thumb Code     0  startup.o(RESET)
    ADC1Seq2_Handler                         0x00000283   Thumb Code     0  startup.o(RESET)
    ADC1Seq3_Handler                         0x00000283   Thumb Code     0  startup.o(RESET)
    CAN0_Handler                             0x00000283   Thumb Code     0  startup.o(RESET)
    CAN1_Handler                             0x00000283   Thumb Code     0  startup.o(RESET)
    CAN2_Handler                             0x00000283   Thumb Code     0  startup.o(RESET)
    Comp0_Handler                            0x00000283   Thumb Code     0  startup.o(RESET)
    Comp1_Handler                            0x00000283   Thumb Code     0  startup.o(RESET)
    Comp2_Handler                            0x00000283   Thumb Code     0  startup.o(RESET)
    Ethernet_Handler                         0x00000283   Thumb Code     0  startup.o(RESET)
    ExtBus_Handler                           0x00000283   Thumb Code     0  startup.o(RESET)
    FPU_Handler                              0x00000283   Thumb Code     0  startup.o(RESET)
    Fan0_Handler                             0x00000283   Thumb Code     0  startup.o(RESET)
    FlashCtl_Handler                         0x00000283   Thumb Code     0  startup.o(RESET)
    GPIOPortA_Handler                        0x00000283   Thumb Code     0  startup.o(RESET)
    GPIOPortB_Handler                        0x00000283   Thumb Code     0  startup.o(RESET)
    GPIOPortC_Handler                        0x00000283   Thumb Code     0  startup.o(RESET)
    GPIOPortD_Handler                        0x00000283   Thumb Code     0  startup.o(RESET)
    GPIOPortE_Handler                        0x00000283   Thumb Code     0  startup.o(RESET)
    GPIOPortG_Handler                        0x00000283   Thumb Code     0  startup.o(RESET)
    GPIOPortH_Handler                        0x00000283   Thumb Code     0  startup.o(RESET)
    GPIOPortJ_Handler                        0x00000283   Thumb Code     0  startup.o(RESET)
    GPIOPortK_Handler                        0x00000283   Thumb Code     0  startup.o(RESET)
    GPIOPortL_Handler                        0x00000283   Thumb Code     0  startup.o(RESET)
    GPIOPortM_Handler                        0x00000283   Thumb Code     0  startup.o(RESET)
    GPIOPortN_Handler                        0x00000283   Thumb Code     0  startup.o(RESET)
    GPIOPortP1_Handler                       0x00000283   Thumb Code     0  startup.o(RESET)
    GPIOPortP2_Handler                       0x00000283   Thumb Code     0  startup.o(RESET)
    GPIOPortP3_Handler                       0x00000283   Thumb Code     0  startup.o(RESET)
    GPIOPortP4_Handler                       0x00000283   Thumb Code     0  startup.o(RESET)
    GPIOPortP5_Handler                       0x00000283   Thumb Code     0  startup.o(RESET)
    GPIOPortP6_Handler                       0x00000283   Thumb Code     0  startup.o(RESET)
    GPIOPortP7_Handler                       0x00000283   Thumb Code     0  startup.o(RESET)
    GPIOPortP_Handler                        0x00000283   Thumb Code     0  startup.o(RESET)
    GPIOPortQ1_Handler                       0x00000283   Thumb Code     0  startup.o(RESET)
    GPIOPortQ2_Handler                       0x00000283   Thumb Code     0  startup.o(RESET)
    GPIOPortQ3_Handler                       0x00000283   Thumb Code     0  startup.o(RESET)
    GPIOPortQ4_Handler                       0x00000283   Thumb Code     0  startup.o(RESET)
    GPIOPortQ5_Handler                       0x00000283   Thumb Code     0  startup.o(RESET)
    GPIOPortQ6_Handler                       0x00000283   Thumb Code     0  startup.o(RESET)
    GPIOPortQ7_Handler                       0x00000283   Thumb Code     0  startup.o(RESET)
    GPIOPortQ_Handler                        0x00000283   Thumb Code     0  startup.o(RESET)
    GPIOPortR_Handler                        0x00000283   Thumb Code     0  startup.o(RESET)
    GPIOPortS_Handler                        0x00000283   Thumb Code     0  startup.o(RESET)
    Hibernate_Handler                        0x00000283   Thumb Code     0  startup.o(RESET)
    I2C0_Handler                             0x00000283   Thumb Code     0  startup.o(RESET)
    I2C1_Handler                             0x00000283   Thumb Code     0  startup.o(RESET)
    I2C2_Handler                             0x00000283   Thumb Code     0  startup.o(RESET)
    I2C3_Handler                             0x00000283   Thumb Code     0  startup.o(RESET)
    I2C4_Handler                             0x00000283   Thumb Code     0  startup.o(RESET)
    I2C5_Handler                             0x00000283   Thumb Code     0  startup.o(RESET)
    I2S0_Handler                             0x00000283   Thumb Code     0  startup.o(RESET)
    LPC0_Handler                             0x00000283   Thumb Code     0  startup.o(RESET)
    PECI0_Handler                            0x00000283   Thumb Code     0  startup.o(RESET)
    PWM0Fault_Handler                        0x00000283   Thumb Code     0  startup.o(RESET)
    PWM0Generator0_Handler                   0x00000283   Thumb Code     0  startup.o(RESET)
    PWM0Generator1_Handler                   0x00000283   Thumb Code     0  startup.o(RESET)
    PWM0Generator2_Handler                   0x00000283   Thumb Code     0  startup.o(RESET)
    PWM0Generator3_Handler                   0x00000283   Thumb Code     0  startup.o(RESET)
    PWM1Fault_Handler                        0x00000283   Thumb Code     0  startup.o(RESET)
    PWM1Generator0_Handler                   0x00000283   Thumb Code     0  startup.o(RESET)
    PWM1Generator1_Handler                   0x00000283   Thumb Code     0  startup.o(RESET)
    PWM1Generator2_Handler                   0x00000283   Thumb Code     0  startup.o(RESET)
    PWM1Generator3_Handler                   0x00000283   Thumb Code     0  startup.o(RESET)
    Quadrature0_Handler                      0x00000283   Thumb Code     0  startup.o(RESET)
    Quadrature1_Handler                      0x00000283   Thumb Code     0  startup.o(RESET)
    Quadrature2_Handler                      0x00000283   Thumb Code     0  startup.o(RESET)
    SSI0_Handler                             0x00000283   Thumb Code     0  startup.o(RESET)
    SSI1_Handler                             0x00000283   Thumb Code     0  startup.o(RESET)
    SSI2_Handler                             0x00000283   Thumb Code     0  startup.o(RESET)
    SSI3_Handler                             0x00000283   Thumb Code     0  startup.o(RESET)
    SysCtl_Handler                           0x00000283   Thumb Code     0  startup.o(RESET)
    Timer0B_Handler                          0x00000283   Thumb Code     0  startup.o(RESET)
    Timer1B_Handler                          0x00000283   Thumb Code     0  startup.o(RESET)
    Timer2A_Handler                          0x00000283   Thumb Code     0  startup.o(RESET)
    Timer2B_Handler                          0x00000283   Thumb Code     0  startup.o(RESET)
    Timer3A_Handler                          0x00000283   Thumb Code     0  startup.o(RESET)
    Timer3B_Handler                          0x00000283   Thumb Code     0  startup.o(RESET)
    Timer4A_Handler                          0x00000283   Thumb Code     0  startup.o(RESET)
    Timer4B_Handler                          0x00000283   Thumb Code     0  startup.o(RESET)
    Timer5B_Handler                          0x00000283   Thumb Code     0  startup.o(RESET)
    UART0_Handler                            0x00000283   Thumb Code     0  startup.o(RESET)
    UART1_Handler                            0x00000283   Thumb Code     0  startup.o(RESET)
    UART2_Handler                            0x00000283   Thumb Code     0  startup.o(RESET)
    UART3_Handler                            0x00000283   Thumb Code     0  startup.o(RESET)
    UART4_Handler                            0x00000283   Thumb Code     0  startup.o(RESET)
    UART5_Handler                            0x00000283   Thumb Code     0  startup.o(RESET)
    UART6_Handler                            0x00000283   Thumb Code     0  startup.o(RESET)
    UART7_Handler                            0x00000283   Thumb Code     0  startup.o(RESET)
    USB0_Handler                             0x00000283   Thumb Code     0  startup.o(RESET)
    WDT_Handler                              0x00000283   Thumb Code     0  startup.o(RESET)
    WideTimer0A_Handler                      0x00000283   Thumb Code     0  startup.o(RESET)
    WideTimer0B_Handler                      0x00000283   Thumb Code     0  startup.o(RESET)
    WideTimer1A_Handler                      0x00000283   Thumb Code     0  startup.o(RESET)
    WideTimer1B_Handler                      0x00000283   Thumb Code     0  startup.o(RESET)
    WideTimer2A_Handler                      0x00000283   Thumb Code     0  startup.o(RESET)
    WideTimer2B_Handler                      0x00000283   Thumb Code     0  startup.o(RESET)
    WideTimer3A_Handler                      0x00000283   Thumb Code     0  startup.o(RESET)
    WideTimer3B_Handler                      0x00000283   Thumb Code     0  startup.o(RESET)
    WideTimer4A_Handler                      0x00000283   Thumb Code     0  startup.o(RESET)
    WideTimer4B_Handler                      0x00000283   Thumb Code     0  startup.o(RESET)
    WideTimer5A_Handler                      0x00000283   Thumb Code     0  startup.o(RESET)
    WideTimer5B_Handler                      0x00000283   Thumb Code     0  startup.o(RESET)
    uDMA_Error                               0x00000283   Thumb Code     0  startup.o(RESET)
    uDMA_Handler                             0x00000283   Thumb Code     0  startup.o(RESET)
    __main                                   0x00000285   Thumb Code     8  __main.o(!!!main)
    __scatterload                            0x0000028d   Thumb Code     0  __scatter.o(!!!scatter)
    __scatterload_rt2                        0x0000028d   Thumb Code    44  __scatter.o(!!!scatter)
    __scatterload_rt2_thumb_only             0x0000028d   Thumb Code     0  __scatter.o(!!!scatter)
    __scatterload_null                       0x0000029b   Thumb Code     0  __scatter.o(!!!scatter)
    __scatterload_copy                       0x000002c1   Thumb Code    26  __scatter_copy.o(!!handler_copy)
    __scatterload_zeroinit                   0x000002dd   Thumb Code    28  __scatter_zi.o(!!handler_zi)
    __rt_lib_init                            0x000002f9   Thumb Code     0  libinit.o(.ARM.Collect$$libinit$$00000000)
    __rt_lib_init_alloca_1                   0x000002fb   Thumb Code     0  libinit2.o(.ARM.Collect$$libinit$$0000002E)
    __rt_lib_init_argv_1                     0x000002fb   Thumb Code     0  libinit2.o(.ARM.Collect$$libinit$$0000002C)
    __rt_lib_init_atexit_1                   0x000002fb   Thumb Code     0  libinit2.o(.ARM.Collect$$libinit$$0000001B)
    __rt_lib_init_clock_1                    0x000002fb   Thumb Code     0  libinit2.o(.ARM.Collect$$libinit$$00000021)
    __rt_lib_init_cpp_1                      0x000002fb   Thumb Code     0  libinit2.o(.ARM.Collect$$libinit$$00000032)
    __rt_lib_init_exceptions_1               0x000002fb   Thumb Code     0  libinit2.o(.ARM.Collect$$libinit$$00000030)
    __rt_lib_init_fp_1                       0x000002fb   Thumb Code     0  libinit2.o(.ARM.Collect$$libinit$$00000002)
    __rt_lib_init_fp_trap_1                  0x000002fb   Thumb Code     0  libinit2.o(.ARM.Collect$$libinit$$0000001F)
    __rt_lib_init_getenv_1                   0x000002fb   Thumb Code     0  libinit2.o(.ARM.Collect$$libinit$$00000023)
    __rt_lib_init_heap_1                     0x000002fb   Thumb Code     0  libinit2.o(.ARM.Collect$$libinit$$0000000A)
    __rt_lib_init_lc_collate_1               0x000002fb   Thumb Code     0  libinit2.o(.ARM.Collect$$libinit$$00000011)
    __rt_lib_init_lc_ctype_1                 0x000002fb   Thumb Code     0  libinit2.o(.ARM.Collect$$libinit$$00000013)
    __rt_lib_init_lc_monetary_1              0x000002fb   Thumb Code     0  libinit2.o(.ARM.Collect$$libinit$$00000015)
    __rt_lib_init_lc_numeric_1               0x000002fb   Thumb Code     0  libinit2.o(.ARM.Collect$$libinit$$00000017)
    __rt_lib_init_lc_time_1                  0x000002fb   Thumb Code     0  libinit2.o(.ARM.Collect$$libinit$$00000019)
    __rt_lib_init_preinit_1                  0x000002fb   Thumb Code     0  libinit2.o(.ARM.Collect$$libinit$$00000004)
    __rt_lib_init_rand_1                     0x000002fb   Thumb Code     0  libinit2.o(.ARM.Collect$$libinit$$0000000E)
    __rt_lib_init_return                     0x000002fb   Thumb Code     0  libinit2.o(.ARM.Collect$$libinit$$00000033)
    __rt_lib_init_signal_1                   0x000002fb   Thumb Code     0  libinit2.o(.ARM.Collect$$libinit$$0000001D)
    __rt_lib_init_stdio_1                    0x000002fb   Thumb Code     0  libinit2.o(.ARM.Collect$$libinit$$00000025)
    __rt_lib_init_user_alloc_1               0x000002fb   Thumb Code     0  libinit2.o(.ARM.Collect$$libinit$$0000000C)
    __rt_lib_shutdown                        0x000002fd   Thumb Code     0  libshutdown.o(.ARM.Collect$$libshutdown$$00000000)
    __rt_lib_shutdown_cpp_1                  0x000002ff   Thumb Code     0  libshutdown2.o(.ARM.Collect$$libshutdown$$00000004)
    __rt_lib_shutdown_fini_1                 0x000002ff   Thumb Code     0  libshutdown2.o(.ARM.Collect$$libshutdown$$00000002)
    __rt_lib_shutdown_fp_trap_1              0x000002ff   Thumb Code     0  libshutdown2.o(.ARM.Collect$$libshutdown$$00000009)
    __rt_lib_shutdown_heap_1                 0x000002ff   Thumb Code     0  libshutdown2.o(.ARM.Collect$$libshutdown$$00000011)
    __rt_lib_shutdown_return                 0x000002ff   Thumb Code     0  libshutdown2.o(.ARM.Collect$$libshutdown$$00000012)
    __rt_lib_shutdown_signal_1               0x000002ff   Thumb Code     0  libshutdown2.o(.ARM.Collect$$libshutdown$$0000000C)
    __rt_lib_shutdown_stdio_1                0x000002ff   Thumb Code     0  libshutdown2.o(.ARM.Collect$$libshutdown$$00000006)
    __rt_lib_shutdown_user_alloc_1           0x000002ff   Thumb Code     0  libshutdown2.o(.ARM.Collect$$libshutdown$$0000000E)
    __rt_entry                               0x00000301   Thumb Code     0  __rtentry.o(.ARM.Collect$$rtentry$$00000000)
    __rt_entry_presh_1                       0x00000301   Thumb Code     0  __rtentry2.o(.ARM.Collect$$rtentry$$00000002)
    __rt_entry_sh                            0x00000301   Thumb Code     0  __rtentry4.o(.ARM.Collect$$rtentry$$00000004)
    __rt_entry_li                            0x00000307   Thumb Code     0  __rtentry2.o(.ARM.Collect$$rtentry$$0000000A)
    __rt_entry_postsh_1                      0x00000307   Thumb Code     0  __rtentry2.o(.ARM.Collect$$rtentry$$00000009)
    __rt_entry_main                          0x0000030b   Thumb Code     0  __rtentry2.o(.ARM.Collect$$rtentry$$0000000D)
    __rt_entry_postli_1                      0x0000030b   Thumb Code     0  __rtentry2.o(.ARM.Collect$$rtentry$$0000000C)
    __rt_exit                                0x00000313   Thumb Code     0  rtexit.o(.ARM.Collect$$rtexit$$00000000)
    __rt_exit_ls                             0x00000315   Thumb Code     0  rtexit2.o(.ARM.Collect$$rtexit$$00000003)
    __rt_exit_prels_1                        0x00000315   Thumb Code     0  rtexit2.o(.ARM.Collect$$rtexit$$00000002)
    __rt_exit_exit                           0x00000319   Thumb Code     0  rtexit2.o(.ARM.Collect$$rtexit$$00000004)
    Clock_Delay                              0x00000321   Thumb Code     6  cortexm.o(.emb_text)
    DisableInterrupts                        0x00000329   Thumb Code     0  startup.o(.text)
    EnableInterrupts                         0x0000032d   Thumb Code     0  startup.o(.text)
    StartCritical                            0x00000331   Thumb Code     0  startup.o(.text)
    EndCritical                              0x00000339   Thumb Code     0  startup.o(.text)
    WaitForInterrupt                         0x0000033f   Thumb Code     0  startup.o(.text)
    __user_initial_stackheap                 0x00000343   Thumb Code     0  startup.o(.text)
    Random_Init                              0x00000359   Thumb Code     0  random.o(.text)
    Random32                                 0x00000363   Thumb Code     2  random.o(.text)
    Random                                   0x00000375   Thumb Code     2  random.o(.text)
    LCD_OutDec                               0x00000399   Thumb Code     0  print.o(.text)
    LCD_OutFix                               0x00000405   Thumb Code     0  print.o(.text)
    __use_two_region_memory                  0x000004ad   Thumb Code     2  heapauxi.o(.text)
    __rt_heap_escrow$2region                 0x000004af   Thumb Code     2  heapauxi.o(.text)
    __rt_heap_expand$2region                 0x000004b1   Thumb Code     2  heapauxi.o(.text)
    __user_setup_stackheap                   0x000004b3   Thumb Code    74  sys_stackheap_outer.o(.text)
    exit                                     0x000004fd   Thumb Code    18  exit.o(.text)
    __user_libspace                          0x00000511   Thumb Code     8  libspace.o(.text)
    __user_perproc_libspace                  0x00000511   Thumb Code     0  libspace.o(.text)
    __user_perthread_libspace                0x00000511   Thumb Code     0  libspace.o(.text)
    _sys_exit                                0x00000519   Thumb Code     8  sys_exit.o(.text)
    __I$use$semihosting                      0x00000525   Thumb Code     0  use_no_semi.o(.text)
    __use_no_semihosting_swi                 0x00000525   Thumb Code     2  use_no_semi.o(.text)
    __semihosting_library_function           0x00000527   Thumb Code     0  indicate_semi.o(.text)
    ADC1_Init                                0x00000529   Thumb Code   176  texas.o(i.ADC1_Init)
    ADC_In                                   0x000005f1   Thumb Code    38  adc.o(i.ADC_In)
    ADC_Init                                 0x0000061d   Thumb Code   204  adc.o(i.ADC_Init)
    CheckForCollisions                       0x00000701   Thumb Code   134  lab10.o(i.CheckForCollisions)
    Clock_Delay1ms                           0x00000795   Thumb Code    22  cortexm.o(i.Clock_Delay1ms)
    DAC_Init                                 0x000007ad   Thumb Code    42  dac.o(i.DAC_Init)
    DAC_Out                                  0x000007e5   Thumb Code     8  dac.o(i.DAC_Out)
    Draw                                     0x000007f1   Thumb Code   140  lab10.o(i.Draw)
    FireMissile                              0x0000088d   Thumb Code    64  lab10.o(i.FireMissile)
    GPIOPortF_Handler                        0x000008d5   Thumb Code     8  lab10.o(i.GPIOPortF_Handler)
    I2C3_Init                                0x000008e1   Thumb Code   152  i2c3.o(i.I2C3_Init)
    I2C3_Send                                0x0000098d   Thumb Code   220  i2c3.o(i.I2C3_Send)
    I2C3_Send2                               0x00000a6d   Thumb Code   106  i2c3.o(i.I2C3_Send2)
    I2C3_SendData                            0x00000add   Thumb Code   118  i2c3.o(i.I2C3_SendData)
    LogicAnalyzerTask                        0x00000b59   Thumb Code    20  lab10.o(i.LogicAnalyzerTask)
    Move                                     0x00000b79   Thumb Code   160  lab10.o(i.Move)
    PLL_Init                                 0x00000c29   Thumb Code   120  texas.o(i.PLL_Init)
    Pause                                    0x00000ca5   Thumb Code    54  lab10.o(i.Pause)
    PortF_Init                               0x00000ce9   Thumb Code   166  lab10.o(i.PortF_Init)
    SSD1306_ClearBuffer                      0x00000da9   Thumb Code    30  ssd1306.o(i.SSD1306_ClearBuffer)
    SSD1306_DrawBMP                          0x00000dcd   Thumb Code   532  ssd1306.o(i.SSD1306_DrawBMP)
    SSD1306_Init                             0x00000fe5   Thumb Code   158  ssd1306.o(i.SSD1306_Init)
    SSD1306_OutBuffer                        0x000010a1   Thumb Code    30  ssd1306.o(i.SSD1306_OutBuffer)
    SSD1306_OutChar                          0x000010c9   Thumb Code   238  ssd1306.o(i.SSD1306_OutChar)
    SSD1306_OutClear                         0x000011cd   Thumb Code    12  ssd1306.o(i.SSD1306_OutClear)
    SSD1306_OutString                        0x000011d9   Thumb Code    24  ssd1306.o(i.SSD1306_OutString)
    SSD1306_SetCursor                        0x000011f1   Thumb Code    94  ssd1306.o(i.SSD1306_SetCursor)
    Sound_Init                               0x00001261   Thumb Code    16  sound.o(i.Sound_Init)
    Sound_Start                              0x00001271   Thumb Code    14  sound.o(i.Sound_Start)
    SpawnEnemies                             0x00001289   Thumb Code   100  lab10.o(i.SpawnEnemies)
    SysTick_Handler                          0x000012f1   Thumb Code    54  lab10.o(i.SysTick_Handler)
    SysTick_Init                             0x00001331   Thumb Code    22  lab10.o(i.SysTick_Init)
    TExaS_Init                               0x00001349   Thumb Code    92  texas.o(i.TExaS_Init)
    Timer0A_Handler                          0x000013b9   Thumb Code    16  timer0.o(i.Timer0A_Handler)
    Timer0_Init                              0x000013d1   Thumb Code    74  timer0.o(i.Timer0_Init)
    Timer1A_Handler                          0x00001431   Thumb Code    56  sound.o(i.Timer1A_Handler)
    Timer1_Init                              0x00001475   Thumb Code    64  timer1.o(i.Timer1_Init)
    Timer5A_Handler                          0x000014c5   Thumb Code    16  texas.o(i.Timer5A_Handler)
    UART0_Init                               0x000014dd   Thumb Code   152  texas.o(i.UART0_Init)
    main                                     0x00001589   Thumb Code   540  lab10.o(i.main)
    ssd1306command                           0x00001819   Thumb Code    16  ssd1306.o(i.ssd1306command)
    ssd1306command1                          0x00001829   Thumb Code    16  ssd1306.o(i.ssd1306command1)
    ssd1306commandList                       0x00001839   Thumb Code    18  ssd1306.o(i.ssd1306commandList)
    Invader                                  0x0000184a   Data         199  lab10.o(.constdata)
    Alien10pointA                            0x00001911   Data         183  lab10.o(.constdata)
    Alien10pointB                            0x000019c8   Data         183  lab10.o(.constdata)
    Alien20pointA                            0x00001a7f   Data         183  lab10.o(.constdata)
    Alien20pointB                            0x00001b36   Data         183  lab10.o(.constdata)
    Alien30pointA                            0x00001bed   Data         183  lab10.o(.constdata)
    Alien30pointB                            0x00001ca4   Data         183  lab10.o(.constdata)
    AlienBossA                               0x00001d5b   Data         183  lab10.o(.constdata)
    AlienBossB                               0x00001e12   Data         183  lab10.o(.constdata)
    BigExplosion0                            0x00001ec9   Data         183  lab10.o(.constdata)
    BigExplosion1                            0x00001f80   Data         183  lab10.o(.constdata)
    Bunker0                                  0x00002037   Data         151  lab10.o(.constdata)
    Bunker1                                  0x000020ce   Data         151  lab10.o(.constdata)
    Bunker2                                  0x00002165   Data         151  lab10.o(.constdata)
    Laser0                                   0x000021fc   Data         143  lab10.o(.constdata)
    Laser1                                   0x0000228b   Data         143  lab10.o(.constdata)
    Missile0                                 0x0000231a   Data         151  lab10.o(.constdata)
    Missile1                                 0x000023b1   Data         151  lab10.o(.constdata)
    PlayerShip0                              0x00002448   Data         167  lab10.o(.constdata)
    PlayerShip1                              0x000024ef   Data         167  lab10.o(.constdata)
    PlayerShip2                              0x00002596   Data         167  lab10.o(.constdata)
    SpaceInvadersMarquee                     0x0000263d   Data        3959  lab10.o(.constdata)
    shoot                                    0x000035b4   Data        4080  sound.o(.constdata)
    invaderkilled                            0x000045a4   Data        3377  sound.o(.constdata)
    explosion                                0x000052d5   Data        2000  sound.o(.constdata)
    fastinvader1                             0x00005aa5   Data         982  sound.o(.constdata)
    fastinvader2                             0x00005e7b   Data        1042  sound.o(.constdata)
    fastinvader3                             0x0000628d   Data        1054  sound.o(.constdata)
    fastinvader4                             0x000066ab   Data        1098  sound.o(.constdata)
    highpitch                                0x00006af5   Data        1802  sound.o(.constdata)
    Region$$Table$$Base                      0x000077a4   Number         0  anon$$obj.o(Region$$Table)
    Region$$Table$$Limit                     0x000077c4   Number         0  anon$$obj.o(Region$$Table)
    paused                                   0x20000000   Data           1  lab10.o(.data)
    PausePtr                                 0x20000004   Data           4  lab10.o(.data)
    player                                   0x20000008   Data          16  lab10.o(.data)
    NeedToDraw                               0x20000018   Data           1  lab10.o(.data)
    language                                 0x20000019   Data           1  lab10.o(.data)
    score                                    0x2000001c   Data           4  lab10.o(.data)
    WinMessageEng                            0x20000020   Data          22  lab10.o(.data)
    WinMessageSpa                            0x20000036   Data          22  lab10.o(.data)
    LoseMessageEng                           0x2000004c   Data          11  lab10.o(.data)
    LoseMessageSpa                           0x20000057   Data          16  lab10.o(.data)
    ScoreEng                                 0x20000067   Data           8  lab10.o(.data)
    ScoreSpa                                 0x2000006f   Data          11  lab10.o(.data)
    WinMessageEngPtr                         0x2000007c   Data           4  lab10.o(.data)
    WinMessageSpaPtr                         0x20000080   Data           4  lab10.o(.data)
    LoseMessageEngPtr                        0x20000084   Data           4  lab10.o(.data)
    LoseMessageSpaPtr                        0x20000088   Data           4  lab10.o(.data)
    ScoreEngPtr                              0x2000008c   Data           4  lab10.o(.data)
    ScoreSpaPtr                              0x20000090   Data           4  lab10.o(.data)
    PeriodicTask0                            0x20000098   Data           4  timer0.o(.data)
    TimerCount                               0x2000009c   Data           4  sound.o(.data)
    vccstate                                 0x200000a0   Data           4  ssd1306.o(.data)
    rotation                                 0x200000a4   Data           4  ssd1306.o(.data)
    StartX                                   0x200000c2   Data           2  ssd1306.o(.data)
    CurrentX                                 0x200000c4   Data           2  ssd1306.o(.data)
    StartY                                   0x200000c6   Data           2  ssd1306.o(.data)
    CurrentY                                 0x200000c8   Data           2  ssd1306.o(.data)
    sendDataPt                               0x200000cc   Data           4  texas.o(.data)
    Enemy                                    0x200000d4   Data         288  lab10.o(.bss)
    Missile                                  0x200001f4   Data         288  lab10.o(.bss)
    buffer                                   0x20000314   Data        1024  ssd1306.o(.bss)
    __libspace_start                         0x20000714   Data          96  libspace.o(.bss)
    __temporary_stack_top$libspace           0x20000774   Data           0  libspace.o(.bss)



==============================================================================

Memory Map of the image

  Image Entry point : 0x0000026d

  Load Region LR_1 (Base: 0x00000000, Size: 0x00007898, Max: 0xffffffff, ABSOLUTE)

    Execution Region ER_RO (Exec base: 0x00000000, Load base: 0x00000000, Size: 0x000077c4, Max: 0xffffffff, ABSOLUTE)

    Exec Addr    Load Addr    Size         Type   Attr      Idx    E Section Name        Object

    0x00000000   0x00000000   0x00000284   Code   RO            3  * RESET               startup.o
    0x00000284   0x00000284   0x00000008   Code   RO          673  * !!!main             c_w.l(__main.o)
    0x0000028c   0x0000028c   0x00000034   Code   RO          832    !!!scatter          c_w.l(__scatter.o)
    0x000002c0   0x000002c0   0x0000001a   Code   RO          834    !!handler_copy      c_w.l(__scatter_copy.o)
    0x000002da   0x000002da   0x00000002   PAD
    0x000002dc   0x000002dc   0x0000001c   Code   RO          836    !!handler_zi        c_w.l(__scatter_zi.o)
    0x000002f8   0x000002f8   0x00000002   Code   RO          700    .ARM.Collect$$libinit$$00000000  c_w.l(libinit.o)
    0x000002fa   0x000002fa   0x00000000   Code   RO          707    .ARM.Collect$$libinit$$00000002  c_w.l(libinit2.o)
    0x000002fa   0x000002fa   0x00000000   Code   RO          709    .ARM.Collect$$libinit$$00000004  c_w.l(libinit2.o)
    0x000002fa   0x000002fa   0x00000000   Code   RO          712    .ARM.Collect$$libinit$$0000000A  c_w.l(libinit2.o)
    0x000002fa   0x000002fa   0x00000000   Code   RO          714    .ARM.Collect$$libinit$$0000000C  c_w.l(libinit2.o)
    0x000002fa   0x000002fa   0x00000000   Code   RO          716    .ARM.Collect$$libinit$$0000000E  c_w.l(libinit2.o)
    0x000002fa   0x000002fa   0x00000000   Code   RO          719    .ARM.Collect$$libinit$$00000011  c_w.l(libinit2.o)
    0x000002fa   0x000002fa   0x00000000   Code   RO          721    .ARM.Collect$$libinit$$00000013  c_w.l(libinit2.o)
    0x000002fa   0x000002fa   0x00000000   Code   RO          723    .ARM.Collect$$libinit$$00000015  c_w.l(libinit2.o)
    0x000002fa   0x000002fa   0x00000000   Code   RO          725    .ARM.Collect$$libinit$$00000017  c_w.l(libinit2.o)
    0x000002fa   0x000002fa   0x00000000   Code   RO          727    .ARM.Collect$$libinit$$00000019  c_w.l(libinit2.o)
    0x000002fa   0x000002fa   0x00000000   Code   RO          729    .ARM.Collect$$libinit$$0000001B  c_w.l(libinit2.o)
    0x000002fa   0x000002fa   0x00000000   Code   RO          731    .ARM.Collect$$libinit$$0000001D  c_w.l(libinit2.o)
    0x000002fa   0x000002fa   0x00000000   Code   RO          733    .ARM.Collect$$libinit$$0000001F  c_w.l(libinit2.o)
    0x000002fa   0x000002fa   0x00000000   Code   RO          735    .ARM.Collect$$libinit$$00000021  c_w.l(libinit2.o)
    0x000002fa   0x000002fa   0x00000000   Code   RO          737    .ARM.Collect$$libinit$$00000023  c_w.l(libinit2.o)
    0x000002fa   0x000002fa   0x00000000   Code   RO          739    .ARM.Collect$$libinit$$00000025  c_w.l(libinit2.o)
    0x000002fa   0x000002fa   0x00000000   Code   RO          743    .ARM.Collect$$libinit$$0000002C  c_w.l(libinit2.o)
    0x000002fa   0x000002fa   0x00000000   Code   RO          745    .ARM.Collect$$libinit$$0000002E  c_w.l(libinit2.o)
    0x000002fa   0x000002fa   0x00000000   Code   RO          747    .ARM.Collect$$libinit$$00000030  c_w.l(libinit2.o)
    0x000002fa   0x000002fa   0x00000000   Code   RO          749    .ARM.Collect$$libinit$$00000032  c_w.l(libinit2.o)
    0x000002fa   0x000002fa   0x00000002   Code   RO          750    .ARM.Collect$$libinit$$00000033  c_w.l(libinit2.o)
    0x000002fc   0x000002fc   0x00000002   Code   RO          770    .ARM.Collect$$libshutdown$$00000000  c_w.l(libshutdown.o)
    0x000002fe   0x000002fe   0x00000000   Code   RO          783    .ARM.Collect$$libshutdown$$00000002  c_w.l(libshutdown2.o)
    0x000002fe   0x000002fe   0x00000000   Code   RO          785    .ARM.Collect$$libshutdown$$00000004  c_w.l(libshutdown2.o)
    0x000002fe   0x000002fe   0x00000000   Code   RO          787    .ARM.Collect$$libshutdown$$00000006  c_w.l(libshutdown2.o)
    0x000002fe   0x000002fe   0x00000000   Code   RO          790    .ARM.Collect$$libshutdown$$00000009  c_w.l(libshutdown2.o)
    0x000002fe   0x000002fe   0x00000000   Code   RO          793    .ARM.Collect$$libshutdown$$0000000C  c_w.l(libshutdown2.o)
    0x000002fe   0x000002fe   0x00000000   Code   RO          795    .ARM.Collect$$libshutdown$$0000000E  c_w.l(libshutdown2.o)
    0x000002fe   0x000002fe   0x00000000   Code   RO          798    .ARM.Collect$$libshutdown$$00000011  c_w.l(libshutdown2.o)
    0x000002fe   0x000002fe   0x00000002   Code   RO          799    .ARM.Collect$$libshutdown$$00000012  c_w.l(libshutdown2.o)
    0x00000300   0x00000300   0x00000000   Code   RO          675    .ARM.Collect$$rtentry$$00000000  c_w.l(__rtentry.o)
    0x00000300   0x00000300   0x00000000   Code   RO          677    .ARM.Collect$$rtentry$$00000002  c_w.l(__rtentry2.o)
    0x00000300   0x00000300   0x00000006   Code   RO          689    .ARM.Collect$$rtentry$$00000004  c_w.l(__rtentry4.o)
    0x00000306   0x00000306   0x00000000   Code   RO          679    .ARM.Collect$$rtentry$$00000009  c_w.l(__rtentry2.o)
    0x00000306   0x00000306   0x00000004   Code   RO          680    .ARM.Collect$$rtentry$$0000000A  c_w.l(__rtentry2.o)
    0x0000030a   0x0000030a   0x00000000   Code   RO          682    .ARM.Collect$$rtentry$$0000000C  c_w.l(__rtentry2.o)
    0x0000030a   0x0000030a   0x00000008   Code   RO          683    .ARM.Collect$$rtentry$$0000000D  c_w.l(__rtentry2.o)
    0x00000312   0x00000312   0x00000002   Code   RO          704    .ARM.Collect$$rtexit$$00000000  c_w.l(rtexit.o)
    0x00000314   0x00000314   0x00000000   Code   RO          752    .ARM.Collect$$rtexit$$00000002  c_w.l(rtexit2.o)
    0x00000314   0x00000314   0x00000004   Code   RO          753    .ARM.Collect$$rtexit$$00000003  c_w.l(rtexit2.o)
    0x00000318   0x00000318   0x00000006   Code   RO          754    .ARM.Collect$$rtexit$$00000004  c_w.l(rtexit2.o)
    0x0000031e   0x0000031e   0x00000002   PAD
    0x00000320   0x00000320   0x00000006   Code   RO          163    .emb_text           cortexm.o
    0x00000326   0x00000326   0x00000002   PAD
    0x00000328   0x00000328   0x00000030   Code   RO            4    .text               startup.o
    0x00000358   0x00000358   0x00000040   Code   RO           13    .text               random.o
    0x00000398   0x00000398   0x00000114   Code   RO          279    .text               print.o
    0x000004ac   0x000004ac   0x00000006   Code   RO          671    .text               c_w.l(heapauxi.o)
    0x000004b2   0x000004b2   0x0000004a   Code   RO          691    .text               c_w.l(sys_stackheap_outer.o)
    0x000004fc   0x000004fc   0x00000012   Code   RO          693    .text               c_w.l(exit.o)
    0x0000050e   0x0000050e   0x00000002   PAD
    0x00000510   0x00000510   0x00000008   Code   RO          701    .text               c_w.l(libspace.o)
    0x00000518   0x00000518   0x0000000c   Code   RO          762    .text               c_w.l(sys_exit.o)
    0x00000524   0x00000524   0x00000002   Code   RO          773    .text               c_w.l(use_no_semi.o)
    0x00000526   0x00000526   0x00000000   Code   RO          775    .text               c_w.l(indicate_semi.o)
    0x00000526   0x00000526   0x00000002   PAD
    0x00000528   0x00000528   0x000000c8   Code   RO          624    i.ADC1_Init         texas.o
    0x000005f0   0x000005f0   0x0000002c   Code   RO          197    i.ADC_In            adc.o
    0x0000061c   0x0000061c   0x000000e4   Code   RO          198    i.ADC_Init          adc.o
    0x00000700   0x00000700   0x00000094   Code   RO           16    i.CheckForCollisions  lab10.o
    0x00000794   0x00000794   0x00000016   Code   RO          164    i.Clock_Delay1ms    cortexm.o
    0x000007aa   0x000007aa   0x00000002   PAD
    0x000007ac   0x000007ac   0x00000038   Code   RO          179    i.DAC_Init          dac.o
    0x000007e4   0x000007e4   0x0000000c   Code   RO          180    i.DAC_Out           dac.o
    0x000007f0   0x000007f0   0x0000009c   Code   RO           18    i.Draw              lab10.o
    0x0000088c   0x0000088c   0x00000048   Code   RO           19    i.FireMissile       lab10.o
    0x000008d4   0x000008d4   0x0000000c   Code   RO           20    i.GPIOPortF_Handler  lab10.o
    0x000008e0   0x000008e0   0x000000ac   Code   RO          282    i.I2C3_Init         i2c3.o
    0x0000098c   0x0000098c   0x000000e0   Code   RO          287    i.I2C3_Send         i2c3.o
    0x00000a6c   0x00000a6c   0x00000070   Code   RO          289    i.I2C3_Send2        i2c3.o
    0x00000adc   0x00000adc   0x0000007c   Code   RO          291    i.I2C3_SendData     i2c3.o
    0x00000b58   0x00000b58   0x00000020   Code   RO           21    i.LogicAnalyzerTask  lab10.o
    0x00000b78   0x00000b78   0x000000b0   Code   RO           22    i.Move              lab10.o
    0x00000c28   0x00000c28   0x0000007c   Code   RO          625    i.PLL_Init          texas.o
    0x00000ca4   0x00000ca4   0x00000044   Code   RO           23    i.Pause             lab10.o
    0x00000ce8   0x00000ce8   0x000000c0   Code   RO           24    i.PortF_Init        lab10.o
    0x00000da8   0x00000da8   0x00000024   Code   RO          351    i.SSD1306_ClearBuffer  ssd1306.o
    0x00000dcc   0x00000dcc   0x00000218   Code   RO          353    i.SSD1306_DrawBMP   ssd1306.o
    0x00000fe4   0x00000fe4   0x000000bc   Code   RO          363    i.SSD1306_Init      ssd1306.o
    0x000010a0   0x000010a0   0x00000028   Code   RO          365    i.SSD1306_OutBuffer  ssd1306.o
    0x000010c8   0x000010c8   0x00000104   Code   RO          366    i.SSD1306_OutChar   ssd1306.o
    0x000011cc   0x000011cc   0x0000000c   Code   RO          367    i.SSD1306_OutClear  ssd1306.o
    0x000011d8   0x000011d8   0x00000018   Code   RO          371    i.SSD1306_OutString  ssd1306.o
    0x000011f0   0x000011f0   0x00000070   Code   RO          377    i.SSD1306_SetCursor  ssd1306.o
    0x00001260   0x00001260   0x00000010   Code   RO          251    i.Sound_Init        sound.o
    0x00001270   0x00001270   0x00000018   Code   RO          252    i.Sound_Start       sound.o
    0x00001288   0x00001288   0x00000068   Code   RO           27    i.SpawnEnemies      lab10.o
    0x000012f0   0x000012f0   0x00000040   Code   RO           28    i.SysTick_Handler   lab10.o
    0x00001330   0x00001330   0x00000016   Code   RO           29    i.SysTick_Init      lab10.o
    0x00001346   0x00001346   0x00000002   PAD
    0x00001348   0x00001348   0x00000070   Code   RO          626    i.TExaS_Init        texas.o
    0x000013b8   0x000013b8   0x00000018   Code   RO          215    i.Timer0A_Handler   timer0.o
    0x000013d0   0x000013d0   0x00000060   Code   RO          216    i.Timer0_Init       timer0.o
    0x00001430   0x00001430   0x00000044   Code   RO          253    i.Timer1A_Handler   sound.o
    0x00001474   0x00001474   0x00000050   Code   RO          236    i.Timer1_Init       timer1.o
    0x000014c4   0x000014c4   0x00000018   Code   RO          628    i.Timer5A_Handler   texas.o
    0x000014dc   0x000014dc   0x000000ac   Code   RO          629    i.UART0_Init        texas.o
    0x00001588   0x00001588   0x00000290   Code   RO           30    i.main              lab10.o
    0x00001818   0x00001818   0x00000010   Code   RO          387    i.ssd1306command    ssd1306.o
    0x00001828   0x00001828   0x00000010   Code   RO          388    i.ssd1306command1   ssd1306.o
    0x00001838   0x00001838   0x00000012   Code   RO          389    i.ssd1306commandList  ssd1306.o
    0x0000184a   0x0000184a   0x00001d6a   Data   RO           33    .constdata          lab10.o
    0x000035b4   0x000035b4   0x00003c4b   Data   RO          254    .constdata          sound.o
    0x000071ff   0x000071ff   0x000005a3   Data   RO          393    .constdata          ssd1306.o
    0x000077a2   0x000077a2   0x00000002   PAD
    0x000077a4   0x000077a4   0x00000020   Data   RO          830    Region$$Table       anon$$obj.o


    Execution Region ER_RW (Exec base: 0x20000000, Load base: 0x000077c4, Size: 0x000000d4, Max: 0xffffffff, ABSOLUTE)

    Exec Addr    Load Addr    Size         Type   Attr      Idx    E Section Name        Object

    0x20000000   0x000077c4   0x00000096   Data   RW           34    .data               lab10.o
    0x20000096   0x0000785a   0x00000002   PAD
    0x20000098   0x0000785c   0x00000004   Data   RW          217    .data               timer0.o
    0x2000009c   0x00007860   0x00000004   Data   RW          255    .data               sound.o
    0x200000a0   0x00007864   0x0000002a   Data   RW          394    .data               ssd1306.o
    0x200000ca   0x0000788e   0x00000002   PAD
    0x200000cc   0x00007890   0x00000004   Data   RW          630    .data               texas.o
    0x200000d0   0x00007894   0x00000004   Data   RW           12    DATA                random.o


    Execution Region ER_ZI (Exec base: 0x200000d4, Load base: 0x00007898, Size: 0x00000aa4, Max: 0xffffffff, ABSOLUTE)

    Exec Addr    Load Addr    Size         Type   Attr      Idx    E Section Name        Object

    0x200000d4        -       0x00000240   Zero   RW           32    .bss                lab10.o
    0x20000314        -       0x00000400   Zero   RW          392    .bss                ssd1306.o
    0x20000714        -       0x00000060   Zero   RW          702    .bss                c_w.l(libspace.o)
    0x20000774   0x00007898   0x00000004   PAD
    0x20000778        -       0x00000000   Zero   RW            2    HEAP                startup.o
    0x20000778        -       0x00000400   Zero   RW            1    STACK               startup.o


==============================================================================

Image component sizes


      Code (inc. data)   RO Data    RW Data    ZI Data      Debug   Object Name

       272         30          0          0          0        924   adc.o
        28          0          0          0          0        801   cortexm.o
        68         18          0          0          0        773   dac.o
       632         36          0          0          0       3125   i2c3.o
      1702        240       7530        150        576      14203   lab10.o
       276          0          0          0          0        296   print.o
        64         14          0          4          0        232   random.o
       108         22      15435          4          0       2142   sound.o
      1258         90       1443         42       1024       8759   ssd1306.o
       692        632          0          0       1024        972   startup.o
       632         76          0          4          0       3612   texas.o
       120         30          0          4          0       1400   timer0.o
        80         16          0          0          0        442   timer1.o

    ----------------------------------------------------------------------
      5938       1204      24442        212       2624      37681   Object Totals
         0          0         32          0          0          0   (incl. Generated)
         6          0          2          4          0          0   (incl. Padding)

    ----------------------------------------------------------------------

      Code (inc. data)   RO Data    RW Data    ZI Data      Debug   Library Member Name

         8          0          0          0          0         68   __main.o
         0          0          0          0          0          0   __rtentry.o
        12          0          0          0          0          0   __rtentry2.o
         6          0          0          0          0          0   __rtentry4.o
        52          8          0          0          0          0   __scatter.o
        26          0          0          0          0          0   __scatter_copy.o
        28          0          0          0          0          0   __scatter_zi.o
        18          0          0          0          0         80   exit.o
         6          0          0          0          0        152   heapauxi.o
         0          0          0          0          0          0   indicate_semi.o
         2          0          0          0          0          0   libinit.o
         2          0          0          0          0          0   libinit2.o
         2          0          0          0          0          0   libshutdown.o
         2          0          0          0          0          0   libshutdown2.o
         8          4          0          0         96         68   libspace.o
         2          0          0          0          0          0   rtexit.o
        10          0          0          0          0          0   rtexit2.o
        12          4          0          0          0         68   sys_exit.o
        74          0          0          0          0         80   sys_stackheap_outer.o
         2          0          0          0          0         68   use_no_semi.o

    ----------------------------------------------------------------------
       280         16          0          0        100        584   Library Totals
         8          0          0          0          4          0   (incl. Padding)

    ----------------------------------------------------------------------

      Code (inc. data)   RO Data    RW Data    ZI Data      Debug   Library Name

       272         16          0          0         96        584   c_w.l

    ----------------------------------------------------------------------
       280         16          0          0        100        584   Library Totals

    ----------------------------------------------------------------------

==============================================================================


      Code (inc. data)   RO Data    RW Data    ZI Data      Debug   

      6218       1220      24442        212       2724      36025   Grand Totals
      6218       1220      24442        212       2724      36025   ELF Image Totals
      6218       1220      24442        212          0          0   ROM Totals

==============================================================================

    Total RO  Size (Code + RO Data)                30660 (  29.94kB)
    Total RW  Size (RW Data + ZI Data)              2936 (   2.87kB)
    Total ROM Size (Code + RO Data + RW Data)      30872 (  30.15kB)

==============================================================================

